Using request distribution 'uniform' a keyrange of [0 24999999]
>>> registering my pebble wrapper... <<<
2025/12/14 10:57:29 [JOB 1] WAL file /tmp/pebble/001193.log with log number 001193 stopped reading at offset: 2753799; replayed 1287 keys in 1287 batches
***************** properties *****************
"dotransactions"="false"
"recordcount"="25000000"
"fieldcount"="10"
"workload"="core"
"updateproportion"="0.5"
"scanproportion"="0"
"threadcount"="32"
"command"="load"
"insertproportion"="0"
"operationcount"="1000"
"readproportion"="0.5"
"fieldlength"="200"
"pebble.dir"="/tmp/pebble"
"requestdistribution"="uniform"
"readallfields"="true"
"table"="usertable"
**********************************************
INSERT - Takes(s): 10.0, Count: 186208, OPS: 18611.6, Avg(us): 1473, Min(us): 208, Max(us): 26495, 50th(us): 850, 90th(us): 3187, 95th(us): 5011, 99th(us): 8759, 99.9th(us): 16831, 99.99th(us): 25983
TOTAL  - Takes(s): 10.0, Count: 186208, OPS: 18618.6, Avg(us): 1473, Min(us): 208, Max(us): 26495, 50th(us): 850, 90th(us): 3187, 95th(us): 5011, 99th(us): 8759, 99.9th(us): 16831, 99.99th(us): 25983
INSERT - Takes(s): 20.0, Count: 392119, OPS: 19601.9, Avg(us): 1387, Min(us): 208, Max(us): 28127, 50th(us): 838, 90th(us): 2697, 95th(us): 4747, 99th(us): 8199, 99.9th(us): 14319, 99.99th(us): 26159
TOTAL  - Takes(s): 20.0, Count: 392118, OPS: 19602.6, Avg(us): 1387, Min(us): 208, Max(us): 28127, 50th(us): 838, 90th(us): 2697, 95th(us): 4747, 99th(us): 8199, 99.9th(us): 14319, 99.99th(us): 26159
INSERT - Takes(s): 30.0, Count: 597531, OPS: 19915.7, Avg(us): 1362, Min(us): 208, Max(us): 28127, 50th(us): 836, 90th(us): 2639, 95th(us): 4659, 99th(us): 8011, 99.9th(us): 12567, 99.99th(us): 22479
TOTAL  - Takes(s): 30.0, Count: 597531, OPS: 19916.3, Avg(us): 1362, Min(us): 208, Max(us): 28127, 50th(us): 836, 90th(us): 2639, 95th(us): 4659, 99th(us): 8011, 99.9th(us): 12567, 99.99th(us): 22479
INSERT - Takes(s): 40.0, Count: 800768, OPS: 20017.3, Avg(us): 1354, Min(us): 208, Max(us): 28127, 50th(us): 836, 90th(us): 2599, 95th(us): 4615, 99th(us): 7975, 99.9th(us): 11423, 99.99th(us): 21231
TOTAL  - Takes(s): 40.0, Count: 800768, OPS: 20017.7, Avg(us): 1354, Min(us): 208, Max(us): 28127, 50th(us): 836, 90th(us): 2599, 95th(us): 4615, 99th(us): 7975, 99.9th(us): 11423, 99.99th(us): 21231
INSERT - Takes(s): 50.0, Count: 1000538, OPS: 20009.0, Avg(us): 1355, Min(us): 208, Max(us): 28127, 50th(us): 837, 90th(us): 2597, 95th(us): 4599, 99th(us): 7975, 99.9th(us): 11175, 99.99th(us): 21455
TOTAL  - Takes(s): 50.0, Count: 1000538, OPS: 20010.5, Avg(us): 1355, Min(us): 208, Max(us): 28127, 50th(us): 837, 90th(us): 2597, 95th(us): 4599, 99th(us): 7975, 99.9th(us): 11175, 99.99th(us): 21455
INSERT - Takes(s): 60.0, Count: 1203075, OPS: 20050.3, Avg(us): 1351, Min(us): 208, Max(us): 28127, 50th(us): 837, 90th(us): 2573, 95th(us): 4587, 99th(us): 7955, 99.9th(us): 11135, 99.99th(us): 21407
TOTAL  - Takes(s): 60.0, Count: 1203075, OPS: 20050.5, Avg(us): 1351, Min(us): 208, Max(us): 28127, 50th(us): 837, 90th(us): 2573, 95th(us): 4587, 99th(us): 7955, 99.9th(us): 11135, 99.99th(us): 21407
INSERT - Takes(s): 70.0, Count: 1402675, OPS: 20037.0, Avg(us): 1352, Min(us): 208, Max(us): 28127, 50th(us): 838, 90th(us): 2567, 95th(us): 4583, 99th(us): 8015, 99.9th(us): 10959, 99.99th(us): 21071
TOTAL  - Takes(s): 70.0, Count: 1402675, OPS: 20038.0, Avg(us): 1352, Min(us): 208, Max(us): 28127, 50th(us): 838, 90th(us): 2567, 95th(us): 4583, 99th(us): 8015, 99.9th(us): 10959, 99.99th(us): 21071
INSERT - Takes(s): 80.0, Count: 1603168, OPS: 20039.1, Avg(us): 1352, Min(us): 208, Max(us): 28127, 50th(us): 838, 90th(us): 2575, 95th(us): 4567, 99th(us): 7979, 99.9th(us): 10839, 99.99th(us): 21231
TOTAL  - Takes(s): 80.0, Count: 1603168, OPS: 20039.5, Avg(us): 1352, Min(us): 208, Max(us): 28127, 50th(us): 838, 90th(us): 2575, 95th(us): 4567, 99th(us): 7979, 99.9th(us): 10839, 99.99th(us): 21231
INSERT - Takes(s): 90.0, Count: 1804135, OPS: 20044.9, Avg(us): 1352, Min(us): 208, Max(us): 28127, 50th(us): 838, 90th(us): 2557, 95th(us): 4567, 99th(us): 8027, 99.9th(us): 10919, 99.99th(us): 21455
TOTAL  - Takes(s): 90.0, Count: 1804135, OPS: 20045.7, Avg(us): 1352, Min(us): 208, Max(us): 28127, 50th(us): 838, 90th(us): 2557, 95th(us): 4567, 99th(us): 8027, 99.9th(us): 10919, 99.99th(us): 21455
INSERT - Takes(s): 100.0, Count: 2004717, OPS: 20046.2, Avg(us): 1352, Min(us): 208, Max(us): 28127, 50th(us): 838, 90th(us): 2557, 95th(us): 4563, 99th(us): 8019, 99.9th(us): 10791, 99.99th(us): 21343
TOTAL  - Takes(s): 100.0, Count: 2004717, OPS: 20047.0, Avg(us): 1352, Min(us): 208, Max(us): 28127, 50th(us): 838, 90th(us): 2557, 95th(us): 4563, 99th(us): 8019, 99.9th(us): 10791, 99.99th(us): 21343
INSERT - Takes(s): 110.0, Count: 2205605, OPS: 20050.0, Avg(us): 1352, Min(us): 208, Max(us): 28367, 50th(us): 838, 90th(us): 2551, 95th(us): 4563, 99th(us): 8023, 99.9th(us): 10807, 99.99th(us): 21839
TOTAL  - Takes(s): 110.0, Count: 2205605, OPS: 20050.7, Avg(us): 1352, Min(us): 208, Max(us): 28367, 50th(us): 838, 90th(us): 2551, 95th(us): 4563, 99th(us): 8023, 99.9th(us): 10807, 99.99th(us): 21839
INSERT - Takes(s): 120.0, Count: 2407437, OPS: 20061.1, Avg(us): 1351, Min(us): 208, Max(us): 28367, 50th(us): 838, 90th(us): 2547, 95th(us): 4563, 99th(us): 8027, 99.9th(us): 10711, 99.99th(us): 21199
TOTAL  - Takes(s): 120.0, Count: 2407437, OPS: 20061.8, Avg(us): 1351, Min(us): 208, Max(us): 28367, 50th(us): 838, 90th(us): 2547, 95th(us): 4563, 99th(us): 8027, 99.9th(us): 10711, 99.99th(us): 21199
INSERT - Takes(s): 130.0, Count: 2606562, OPS: 20049.6, Avg(us): 1352, Min(us): 208, Max(us): 128959, 50th(us): 838, 90th(us): 2543, 95th(us): 4563, 99th(us): 8015, 99.9th(us): 10655, 99.99th(us): 21407
TOTAL  - Takes(s): 130.0, Count: 2606562, OPS: 20050.0, Avg(us): 1352, Min(us): 208, Max(us): 128959, 50th(us): 838, 90th(us): 2543, 95th(us): 4563, 99th(us): 8015, 99.9th(us): 10655, 99.99th(us): 21407
INSERT - Takes(s): 140.0, Count: 2805754, OPS: 20040.3, Avg(us): 1353, Min(us): 208, Max(us): 128959, 50th(us): 838, 90th(us): 2541, 95th(us): 4563, 99th(us): 8019, 99.9th(us): 10671, 99.99th(us): 22735
TOTAL  - Takes(s): 140.0, Count: 2805754, OPS: 20040.8, Avg(us): 1353, Min(us): 208, Max(us): 128959, 50th(us): 838, 90th(us): 2541, 95th(us): 4563, 99th(us): 8019, 99.9th(us): 10671, 99.99th(us): 22735
INSERT - Takes(s): 150.0, Count: 3009024, OPS: 20059.5, Avg(us): 1352, Min(us): 208, Max(us): 128959, 50th(us): 837, 90th(us): 2535, 95th(us): 4563, 99th(us): 8019, 99.9th(us): 10655, 99.99th(us): 22415
TOTAL  - Takes(s): 150.0, Count: 3009024, OPS: 20060.0, Avg(us): 1352, Min(us): 208, Max(us): 128959, 50th(us): 837, 90th(us): 2535, 95th(us): 4563, 99th(us): 8019, 99.9th(us): 10655, 99.99th(us): 22415
INSERT - Takes(s): 160.0, Count: 3209623, OPS: 20059.4, Avg(us): 1352, Min(us): 208, Max(us): 128959, 50th(us): 837, 90th(us): 2535, 95th(us): 4563, 99th(us): 8035, 99.9th(us): 10687, 99.99th(us): 21455
TOTAL  - Takes(s): 160.0, Count: 3209623, OPS: 20059.9, Avg(us): 1352, Min(us): 208, Max(us): 128959, 50th(us): 837, 90th(us): 2535, 95th(us): 4563, 99th(us): 8035, 99.9th(us): 10687, 99.99th(us): 21455
INSERT - Takes(s): 170.0, Count: 3411721, OPS: 20068.3, Avg(us): 1352, Min(us): 208, Max(us): 128959, 50th(us): 837, 90th(us): 2531, 95th(us): 4563, 99th(us): 8051, 99.9th(us): 10679, 99.99th(us): 22575
TOTAL  - Takes(s): 170.0, Count: 3411721, OPS: 20068.8, Avg(us): 1352, Min(us): 208, Max(us): 128959, 50th(us): 837, 90th(us): 2531, 95th(us): 4563, 99th(us): 8051, 99.9th(us): 10679, 99.99th(us): 22575
INSERT - Takes(s): 180.0, Count: 3610840, OPS: 20059.6, Avg(us): 1352, Min(us): 208, Max(us): 128959, 50th(us): 837, 90th(us): 2531, 95th(us): 4563, 99th(us): 8067, 99.9th(us): 10663, 99.99th(us): 22783
TOTAL  - Takes(s): 180.0, Count: 3610840, OPS: 20060.1, Avg(us): 1352, Min(us): 208, Max(us): 128959, 50th(us): 837, 90th(us): 2531, 95th(us): 4563, 99th(us): 8067, 99.9th(us): 10663, 99.99th(us): 22783
INSERT - Takes(s): 190.0, Count: 3807680, OPS: 20040.0, Avg(us): 1354, Min(us): 208, Max(us): 128959, 50th(us): 838, 90th(us): 2537, 95th(us): 4567, 99th(us): 8075, 99.9th(us): 10671, 99.99th(us): 22479
TOTAL  - Takes(s): 190.0, Count: 3807680, OPS: 20040.3, Avg(us): 1354, Min(us): 208, Max(us): 128959, 50th(us): 838, 90th(us): 2537, 95th(us): 4567, 99th(us): 8075, 99.9th(us): 10671, 99.99th(us): 22479
INSERT - Takes(s): 200.0, Count: 4004775, OPS: 20023.4, Avg(us): 1356, Min(us): 208, Max(us): 128959, 50th(us): 838, 90th(us): 2541, 95th(us): 4571, 99th(us): 8087, 99.9th(us): 10647, 99.99th(us): 22623
TOTAL  - Takes(s): 200.0, Count: 4004775, OPS: 20023.7, Avg(us): 1356, Min(us): 208, Max(us): 128959, 50th(us): 838, 90th(us): 2541, 95th(us): 4571, 99th(us): 8087, 99.9th(us): 10647, 99.99th(us): 22623
INSERT - Takes(s): 210.0, Count: 4202710, OPS: 20012.4, Avg(us): 1357, Min(us): 208, Max(us): 128959, 50th(us): 838, 90th(us): 2543, 95th(us): 4571, 99th(us): 8095, 99.9th(us): 10655, 99.99th(us): 22415
TOTAL  - Takes(s): 210.0, Count: 4202710, OPS: 20012.8, Avg(us): 1357, Min(us): 208, Max(us): 128959, 50th(us): 838, 90th(us): 2543, 95th(us): 4571, 99th(us): 8095, 99.9th(us): 10655, 99.99th(us): 22415
INSERT - Takes(s): 220.0, Count: 4402733, OPS: 20011.9, Avg(us): 1357, Min(us): 208, Max(us): 128959, 50th(us): 838, 90th(us): 2547, 95th(us): 4575, 99th(us): 8103, 99.9th(us): 10647, 99.99th(us): 22287
TOTAL  - Takes(s): 220.0, Count: 4402733, OPS: 20012.3, Avg(us): 1357, Min(us): 208, Max(us): 128959, 50th(us): 838, 90th(us): 2547, 95th(us): 4575, 99th(us): 8103, 99.9th(us): 10647, 99.99th(us): 22287
INSERT - Takes(s): 230.0, Count: 4601323, OPS: 20005.5, Avg(us): 1358, Min(us): 208, Max(us): 128959, 50th(us): 838, 90th(us): 2547, 95th(us): 4575, 99th(us): 8107, 99.9th(us): 10647, 99.99th(us): 21967
TOTAL  - Takes(s): 230.0, Count: 4601323, OPS: 20005.7, Avg(us): 1358, Min(us): 208, Max(us): 128959, 50th(us): 838, 90th(us): 2547, 95th(us): 4575, 99th(us): 8107, 99.9th(us): 10647, 99.99th(us): 21967
INSERT - Takes(s): 240.0, Count: 4798270, OPS: 19992.5, Avg(us): 1359, Min(us): 208, Max(us): 128959, 50th(us): 838, 90th(us): 2547, 95th(us): 4579, 99th(us): 8115, 99.9th(us): 10679, 99.99th(us): 22159
TOTAL  - Takes(s): 240.0, Count: 4798270, OPS: 19992.6, Avg(us): 1359, Min(us): 208, Max(us): 128959, 50th(us): 838, 90th(us): 2547, 95th(us): 4579, 99th(us): 8115, 99.9th(us): 10679, 99.99th(us): 22159
INSERT - Takes(s): 250.0, Count: 4998166, OPS: 19992.4, Avg(us): 1359, Min(us): 208, Max(us): 128959, 50th(us): 838, 90th(us): 2549, 95th(us): 4583, 99th(us): 8127, 99.9th(us): 10687, 99.99th(us): 22287
TOTAL  - Takes(s): 250.0, Count: 4998166, OPS: 19992.4, Avg(us): 1359, Min(us): 208, Max(us): 128959, 50th(us): 838, 90th(us): 2549, 95th(us): 4583, 99th(us): 8127, 99.9th(us): 10687, 99.99th(us): 22287
INSERT - Takes(s): 260.0, Count: 5194029, OPS: 19976.6, Avg(us): 1361, Min(us): 208, Max(us): 128959, 50th(us): 838, 90th(us): 2549, 95th(us): 4587, 99th(us): 8139, 99.9th(us): 10695, 99.99th(us): 22367
TOTAL  - Takes(s): 260.0, Count: 5194029, OPS: 19977.0, Avg(us): 1361, Min(us): 208, Max(us): 128959, 50th(us): 838, 90th(us): 2549, 95th(us): 4587, 99th(us): 8139, 99.9th(us): 10695, 99.99th(us): 22367
INSERT - Takes(s): 270.0, Count: 5361519, OPS: 19857.2, Avg(us): 1370, Min(us): 208, Max(us): 989183, 50th(us): 839, 90th(us): 2553, 95th(us): 4587, 99th(us): 8127, 99.9th(us): 10695, 99.99th(us): 23503
TOTAL  - Takes(s): 270.0, Count: 5361519, OPS: 19857.2, Avg(us): 1370, Min(us): 208, Max(us): 989183, 50th(us): 839, 90th(us): 2553, 95th(us): 4587, 99th(us): 8127, 99.9th(us): 10695, 99.99th(us): 23503
INSERT - Takes(s): 280.0, Count: 5421938, OPS: 19363.8, Avg(us): 1400, Min(us): 208, Max(us): 1330175, 50th(us): 839, 90th(us): 2553, 95th(us): 4587, 99th(us): 8131, 99.9th(us): 10743, 99.99th(us): 25791
TOTAL  - Takes(s): 280.0, Count: 5421938, OPS: 19364.0, Avg(us): 1400, Min(us): 208, Max(us): 1330175, 50th(us): 839, 90th(us): 2553, 95th(us): 4587, 99th(us): 8131, 99.9th(us): 10743, 99.99th(us): 25791
INSERT - Takes(s): 290.0, Count: 5531375, OPS: 19073.2, Avg(us): 1437, Min(us): 208, Max(us): 2971647, 50th(us): 839, 90th(us): 2553, 95th(us): 4587, 99th(us): 8135, 99.9th(us): 10743, 99.99th(us): 26431
TOTAL  - Takes(s): 290.0, Count: 5531375, OPS: 19073.6, Avg(us): 1437, Min(us): 208, Max(us): 2971647, 50th(us): 839, 90th(us): 2553, 95th(us): 4587, 99th(us): 8135, 99.9th(us): 10743, 99.99th(us): 26431
INSERT - Takes(s): 300.0, Count: 5685740, OPS: 18951.9, Avg(us): 1448, Min(us): 208, Max(us): 2971647, 50th(us): 839, 90th(us): 2553, 95th(us): 4587, 99th(us): 8139, 99.9th(us): 10767, 99.99th(us): 26735
TOTAL  - Takes(s): 300.0, Count: 5685740, OPS: 18952.3, Avg(us): 1448, Min(us): 208, Max(us): 2971647, 50th(us): 839, 90th(us): 2553, 95th(us): 4587, 99th(us): 8139, 99.9th(us): 10767, 99.99th(us): 26735
INSERT - Takes(s): 310.0, Count: 5871942, OPS: 18941.3, Avg(us): 1449, Min(us): 208, Max(us): 2971647, 50th(us): 839, 90th(us): 2553, 95th(us): 4591, 99th(us): 8147, 99.9th(us): 10775, 99.99th(us): 26815
TOTAL  - Takes(s): 310.0, Count: 5871942, OPS: 18941.6, Avg(us): 1449, Min(us): 208, Max(us): 2971647, 50th(us): 839, 90th(us): 2553, 95th(us): 4591, 99th(us): 8147, 99.9th(us): 10775, 99.99th(us): 26815
INSERT - Takes(s): 320.0, Count: 5998240, OPS: 18744.2, Avg(us): 1467, Min(us): 208, Max(us): 3713023, 50th(us): 839, 90th(us): 2553, 95th(us): 4587, 99th(us): 8151, 99.9th(us): 10791, 99.99th(us): 26959
TOTAL  - Takes(s): 320.0, Count: 5998240, OPS: 18744.4, Avg(us): 1467, Min(us): 208, Max(us): 3713023, 50th(us): 839, 90th(us): 2553, 95th(us): 4587, 99th(us): 8151, 99.9th(us): 10791, 99.99th(us): 26959
INSERT - Takes(s): 330.0, Count: 6151719, OPS: 18641.1, Avg(us): 1476, Min(us): 208, Max(us): 3713023, 50th(us): 839, 90th(us): 2551, 95th(us): 4587, 99th(us): 8155, 99.9th(us): 10799, 99.99th(us): 27247
TOTAL  - Takes(s): 330.0, Count: 6151719, OPS: 18641.4, Avg(us): 1476, Min(us): 208, Max(us): 3713023, 50th(us): 839, 90th(us): 2551, 95th(us): 4587, 99th(us): 8155, 99.9th(us): 10799, 99.99th(us): 27247
INSERT - Takes(s): 340.0, Count: 6316502, OPS: 18577.8, Avg(us): 1482, Min(us): 208, Max(us): 3713023, 50th(us): 839, 90th(us): 2553, 95th(us): 4591, 99th(us): 8155, 99.9th(us): 10831, 99.99th(us): 28095
TOTAL  - Takes(s): 340.0, Count: 6316502, OPS: 18577.9, Avg(us): 1482, Min(us): 208, Max(us): 3713023, 50th(us): 839, 90th(us): 2553, 95th(us): 4591, 99th(us): 8155, 99.9th(us): 10831, 99.99th(us): 28095
INSERT - Takes(s): 350.0, Count: 6504456, OPS: 18583.8, Avg(us): 1482, Min(us): 208, Max(us): 3713023, 50th(us): 839, 90th(us): 2555, 95th(us): 4591, 99th(us): 8163, 99.9th(us): 10839, 99.99th(us): 28271
TOTAL  - Takes(s): 350.0, Count: 6504456, OPS: 18584.1, Avg(us): 1482, Min(us): 208, Max(us): 3713023, 50th(us): 839, 90th(us): 2555, 95th(us): 4591, 99th(us): 8163, 99.9th(us): 10839, 99.99th(us): 28271
INSERT - Takes(s): 360.0, Count: 6655053, OPS: 18486.1, Avg(us): 1486, Min(us): 208, Max(us): 3713023, 50th(us): 839, 90th(us): 2555, 95th(us): 4587, 99th(us): 8163, 99.9th(us): 10831, 99.99th(us): 98239
TOTAL  - Takes(s): 360.0, Count: 6655053, OPS: 18486.2, Avg(us): 1486, Min(us): 208, Max(us): 3713023, 50th(us): 839, 90th(us): 2555, 95th(us): 4587, 99th(us): 8163, 99.9th(us): 10831, 99.99th(us): 98239
INSERT - Takes(s): 370.0, Count: 6834275, OPS: 18470.7, Avg(us): 1491, Min(us): 208, Max(us): 3713023, 50th(us): 839, 90th(us): 2557, 95th(us): 4591, 99th(us): 8171, 99.9th(us): 10839, 99.99th(us): 98687
TOTAL  - Takes(s): 370.0, Count: 6834275, OPS: 18470.9, Avg(us): 1491, Min(us): 208, Max(us): 3713023, 50th(us): 839, 90th(us): 2557, 95th(us): 4591, 99th(us): 8171, 99.9th(us): 10839, 99.99th(us): 98687
INSERT - Takes(s): 380.0, Count: 7018916, OPS: 18470.6, Avg(us): 1493, Min(us): 208, Max(us): 3713023, 50th(us): 839, 90th(us): 2557, 95th(us): 4591, 99th(us): 8175, 99.9th(us): 10839, 99.99th(us): 123583
TOTAL  - Takes(s): 380.0, Count: 7018916, OPS: 18470.6, Avg(us): 1493, Min(us): 208, Max(us): 3713023, 50th(us): 839, 90th(us): 2557, 95th(us): 4591, 99th(us): 8175, 99.9th(us): 10839, 99.99th(us): 123583
INSERT - Takes(s): 390.0, Count: 7214163, OPS: 18497.7, Avg(us): 1490, Min(us): 208, Max(us): 3713023, 50th(us): 839, 90th(us): 2559, 95th(us): 4591, 99th(us): 8175, 99.9th(us): 10831, 99.99th(us): 98559
TOTAL  - Takes(s): 390.0, Count: 7214163, OPS: 18497.8, Avg(us): 1490, Min(us): 208, Max(us): 3713023, 50th(us): 839, 90th(us): 2559, 95th(us): 4591, 99th(us): 8175, 99.9th(us): 10831, 99.99th(us): 98559
INSERT - Takes(s): 400.0, Count: 7305237, OPS: 18262.8, Avg(us): 1512, Min(us): 208, Max(us): 4124671, 50th(us): 839, 90th(us): 2559, 95th(us): 4591, 99th(us): 8179, 99.9th(us): 10831, 99.99th(us): 401663
TOTAL  - Takes(s): 400.0, Count: 7305237, OPS: 18263.0, Avg(us): 1512, Min(us): 208, Max(us): 4124671, 50th(us): 839, 90th(us): 2559, 95th(us): 4591, 99th(us): 8179, 99.9th(us): 10831, 99.99th(us): 401663
INSERT - Takes(s): 410.0, Count: 7503081, OPS: 18300.0, Avg(us): 1509, Min(us): 208, Max(us): 4124671, 50th(us): 840, 90th(us): 2559, 95th(us): 4595, 99th(us): 8179, 99.9th(us): 10831, 99.99th(us): 128575
TOTAL  - Takes(s): 410.0, Count: 7503081, OPS: 18300.2, Avg(us): 1509, Min(us): 208, Max(us): 4124671, 50th(us): 840, 90th(us): 2559, 95th(us): 4595, 99th(us): 8179, 99.9th(us): 10831, 99.99th(us): 128575
INSERT - Takes(s): 420.0, Count: 7623311, OPS: 18150.4, Avg(us): 1511, Min(us): 208, Max(us): 4124671, 50th(us): 840, 90th(us): 2561, 95th(us): 4595, 99th(us): 8183, 99.9th(us): 10831, 99.99th(us): 401919
TOTAL  - Takes(s): 420.0, Count: 7623311, OPS: 18150.6, Avg(us): 1511, Min(us): 208, Max(us): 4124671, 50th(us): 840, 90th(us): 2561, 95th(us): 4595, 99th(us): 8183, 99.9th(us): 10831, 99.99th(us): 401919
INSERT - Takes(s): 430.0, Count: 7756273, OPS: 18037.7, Avg(us): 1535, Min(us): 208, Max(us): 4124671, 50th(us): 840, 90th(us): 2561, 95th(us): 4599, 99th(us): 8199, 99.9th(us): 10831, 99.99th(us): 508415
TOTAL  - Takes(s): 430.0, Count: 7756273, OPS: 18037.6, Avg(us): 1535, Min(us): 208, Max(us): 4124671, 50th(us): 840, 90th(us): 2561, 95th(us): 4599, 99th(us): 8199, 99.9th(us): 10831, 99.99th(us): 508415
INSERT - Takes(s): 440.0, Count: 7938087, OPS: 18040.8, Avg(us): 1535, Min(us): 208, Max(us): 4124671, 50th(us): 840, 90th(us): 2563, 95th(us): 4599, 99th(us): 8199, 99.9th(us): 10839, 99.99th(us): 522751
TOTAL  - Takes(s): 440.0, Count: 7938087, OPS: 18041.0, Avg(us): 1535, Min(us): 208, Max(us): 4124671, 50th(us): 840, 90th(us): 2563, 95th(us): 4599, 99th(us): 8199, 99.9th(us): 10839, 99.99th(us): 522751
INSERT - Takes(s): 450.0, Count: 8137997, OPS: 18084.2, Avg(us): 1530, Min(us): 208, Max(us): 4124671, 50th(us): 840, 90th(us): 2563, 95th(us): 4599, 99th(us): 8207, 99.9th(us): 10815, 99.99th(us): 508159
TOTAL  - Takes(s): 450.0, Count: 8137997, OPS: 18084.4, Avg(us): 1530, Min(us): 208, Max(us): 4124671, 50th(us): 840, 90th(us): 2563, 95th(us): 4599, 99th(us): 8207, 99.9th(us): 10815, 99.99th(us): 508159
INSERT - Takes(s): 460.0, Count: 8334385, OPS: 18118.0, Avg(us): 1527, Min(us): 208, Max(us): 4124671, 50th(us): 840, 90th(us): 2563, 95th(us): 4603, 99th(us): 8207, 99.9th(us): 10823, 99.99th(us): 494847
TOTAL  - Takes(s): 460.0, Count: 8334385, OPS: 18118.2, Avg(us): 1527, Min(us): 208, Max(us): 4124671, 50th(us): 840, 90th(us): 2563, 95th(us): 4603, 99th(us): 8207, 99.9th(us): 10823, 99.99th(us): 494847
INSERT - Takes(s): 470.0, Count: 8504355, OPS: 18094.1, Avg(us): 1530, Min(us): 208, Max(us): 4124671, 50th(us): 840, 90th(us): 2565, 95th(us): 4603, 99th(us): 8207, 99.9th(us): 10847, 99.99th(us): 523007
TOTAL  - Takes(s): 470.0, Count: 8504355, OPS: 18094.3, Avg(us): 1530, Min(us): 208, Max(us): 4124671, 50th(us): 840, 90th(us): 2565, 95th(us): 4603, 99th(us): 8207, 99.9th(us): 10847, 99.99th(us): 523007
INSERT - Takes(s): 480.0, Count: 8673410, OPS: 18069.3, Avg(us): 1530, Min(us): 208, Max(us): 4124671, 50th(us): 840, 90th(us): 2567, 95th(us): 4603, 99th(us): 8215, 99.9th(us): 10855, 99.99th(us): 523263
TOTAL  - Takes(s): 480.0, Count: 8673410, OPS: 18069.5, Avg(us): 1530, Min(us): 208, Max(us): 4124671, 50th(us): 840, 90th(us): 2567, 95th(us): 4603, 99th(us): 8215, 99.9th(us): 10855, 99.99th(us): 523263
INSERT - Takes(s): 490.0, Count: 8803571, OPS: 17966.3, Avg(us): 1543, Min(us): 208, Max(us): 4124671, 50th(us): 840, 90th(us): 2567, 95th(us): 4607, 99th(us): 8215, 99.9th(us): 10855, 99.99th(us): 523263
TOTAL  - Takes(s): 490.0, Count: 8803571, OPS: 17966.4, Avg(us): 1543, Min(us): 208, Max(us): 4124671, 50th(us): 840, 90th(us): 2567, 95th(us): 4607, 99th(us): 8215, 99.9th(us): 10855, 99.99th(us): 523263
INSERT - Takes(s): 500.0, Count: 8997726, OPS: 17995.2, Avg(us): 1540, Min(us): 208, Max(us): 4124671, 50th(us): 840, 90th(us): 2569, 95th(us): 4611, 99th(us): 8223, 99.9th(us): 10855, 99.99th(us): 523263
TOTAL  - Takes(s): 500.0, Count: 8997726, OPS: 17995.4, Avg(us): 1540, Min(us): 208, Max(us): 4124671, 50th(us): 840, 90th(us): 2569, 95th(us): 4611, 99th(us): 8223, 99.9th(us): 10855, 99.99th(us): 523263
INSERT - Takes(s): 510.0, Count: 9175243, OPS: 17990.4, Avg(us): 1540, Min(us): 208, Max(us): 4124671, 50th(us): 840, 90th(us): 2571, 95th(us): 4611, 99th(us): 8231, 99.9th(us): 10879, 99.99th(us): 523263
TOTAL  - Takes(s): 510.0, Count: 9175243, OPS: 17990.6, Avg(us): 1540, Min(us): 208, Max(us): 4124671, 50th(us): 840, 90th(us): 2571, 95th(us): 4611, 99th(us): 8231, 99.9th(us): 10879, 99.99th(us): 523263
INSERT - Takes(s): 520.0, Count: 9369366, OPS: 18017.9, Avg(us): 1538, Min(us): 208, Max(us): 4124671, 50th(us): 840, 90th(us): 2573, 95th(us): 4615, 99th(us): 8231, 99.9th(us): 10863, 99.99th(us): 523263
TOTAL  - Takes(s): 520.0, Count: 9369366, OPS: 18017.9, Avg(us): 1538, Min(us): 208, Max(us): 4124671, 50th(us): 840, 90th(us): 2573, 95th(us): 4615, 99th(us): 8231, 99.9th(us): 10863, 99.99th(us): 523263
INSERT - Takes(s): 530.0, Count: 9535442, OPS: 17991.3, Avg(us): 1540, Min(us): 208, Max(us): 4124671, 50th(us): 841, 90th(us): 2575, 95th(us): 4615, 99th(us): 8231, 99.9th(us): 10871, 99.99th(us): 523263
TOTAL  - Takes(s): 530.0, Count: 9535442, OPS: 17991.2, Avg(us): 1540, Min(us): 208, Max(us): 4124671, 50th(us): 841, 90th(us): 2575, 95th(us): 4615, 99th(us): 8231, 99.9th(us): 10871, 99.99th(us): 523263
INSERT - Takes(s): 540.0, Count: 9671143, OPS: 17909.4, Avg(us): 1549, Min(us): 208, Max(us): 4124671, 50th(us): 841, 90th(us): 2577, 95th(us): 4615, 99th(us): 8239, 99.9th(us): 10887, 99.99th(us): 523519
TOTAL  - Takes(s): 540.0, Count: 9671143, OPS: 17909.4, Avg(us): 1549, Min(us): 208, Max(us): 4124671, 50th(us): 841, 90th(us): 2577, 95th(us): 4615, 99th(us): 8239, 99.9th(us): 10887, 99.99th(us): 523519
INSERT - Takes(s): 550.0, Count: 9856547, OPS: 17920.7, Avg(us): 1548, Min(us): 208, Max(us): 4124671, 50th(us): 841, 90th(us): 2579, 95th(us): 4619, 99th(us): 8239, 99.9th(us): 10911, 99.99th(us): 523263
TOTAL  - Takes(s): 550.0, Count: 9856547, OPS: 17920.9, Avg(us): 1548, Min(us): 208, Max(us): 4124671, 50th(us): 841, 90th(us): 2579, 95th(us): 4619, 99th(us): 8239, 99.9th(us): 10911, 99.99th(us): 523263
INSERT - Takes(s): 560.0, Count: 10029236, OPS: 17909.1, Avg(us): 1545, Min(us): 208, Max(us): 4124671, 50th(us): 841, 90th(us): 2581, 95th(us): 4619, 99th(us): 8247, 99.9th(us): 10911, 99.99th(us): 523007
TOTAL  - Takes(s): 560.0, Count: 10029236, OPS: 17909.3, Avg(us): 1545, Min(us): 208, Max(us): 4124671, 50th(us): 841, 90th(us): 2581, 95th(us): 4619, 99th(us): 8247, 99.9th(us): 10911, 99.99th(us): 523007
INSERT - Takes(s): 570.0, Count: 10196767, OPS: 17888.8, Avg(us): 1551, Min(us): 208, Max(us): 4124671, 50th(us): 841, 90th(us): 2583, 95th(us): 4619, 99th(us): 8247, 99.9th(us): 10903, 99.99th(us): 523263
TOTAL  - Takes(s): 570.0, Count: 10196767, OPS: 17889.0, Avg(us): 1551, Min(us): 208, Max(us): 4124671, 50th(us): 841, 90th(us): 2583, 95th(us): 4619, 99th(us): 8247, 99.9th(us): 10903, 99.99th(us): 523263
INSERT - Takes(s): 580.0, Count: 10311703, OPS: 17778.7, Avg(us): 1552, Min(us): 208, Max(us): 4124671, 50th(us): 841, 90th(us): 2583, 95th(us): 4619, 99th(us): 8247, 99.9th(us): 10911, 99.99th(us): 523519
TOTAL  - Takes(s): 580.0, Count: 10311703, OPS: 17778.7, Avg(us): 1552, Min(us): 208, Max(us): 4124671, 50th(us): 841, 90th(us): 2583, 95th(us): 4619, 99th(us): 8247, 99.9th(us): 10911, 99.99th(us): 523519
INSERT - Takes(s): 590.0, Count: 10470681, OPS: 17746.8, Avg(us): 1566, Min(us): 208, Max(us): 4988927, 50th(us): 841, 90th(us): 2585, 95th(us): 4619, 99th(us): 8247, 99.9th(us): 10919, 99.99th(us): 580607
TOTAL  - Takes(s): 590.0, Count: 10470681, OPS: 17746.8, Avg(us): 1566, Min(us): 208, Max(us): 4988927, 50th(us): 841, 90th(us): 2585, 95th(us): 4619, 99th(us): 8247, 99.9th(us): 10919, 99.99th(us): 580607
INSERT - Takes(s): 600.0, Count: 10564988, OPS: 17608.1, Avg(us): 1577, Min(us): 208, Max(us): 4988927, 50th(us): 841, 90th(us): 2585, 95th(us): 4619, 99th(us): 8255, 99.9th(us): 10919, 99.99th(us): 581119
TOTAL  - Takes(s): 600.0, Count: 10564988, OPS: 17608.2, Avg(us): 1577, Min(us): 208, Max(us): 4988927, 50th(us): 841, 90th(us): 2585, 95th(us): 4619, 99th(us): 8255, 99.9th(us): 10919, 99.99th(us): 581119
INSERT - Takes(s): 610.0, Count: 10623461, OPS: 17415.4, Avg(us): 1594, Min(us): 208, Max(us): 6266879, 50th(us): 841, 90th(us): 2587, 95th(us): 4619, 99th(us): 8255, 99.9th(us): 10919, 99.99th(us): 612863
TOTAL  - Takes(s): 610.0, Count: 10623461, OPS: 17415.5, Avg(us): 1594, Min(us): 208, Max(us): 6266879, 50th(us): 841, 90th(us): 2587, 95th(us): 4619, 99th(us): 8255, 99.9th(us): 10919, 99.99th(us): 612863
INSERT - Takes(s): 620.0, Count: 10662452, OPS: 17197.3, Avg(us): 1623, Min(us): 208, Max(us): 6266879, 50th(us): 841, 90th(us): 2589, 95th(us): 4619, 99th(us): 8255, 99.9th(us): 10927, 99.99th(us): 707583
TOTAL  - Takes(s): 620.0, Count: 10662452, OPS: 17197.4, Avg(us): 1623, Min(us): 208, Max(us): 6266879, 50th(us): 841, 90th(us): 2589, 95th(us): 4619, 99th(us): 8255, 99.9th(us): 10927, 99.99th(us): 707583
INSERT - Takes(s): 630.0, Count: 10678053, OPS: 16949.1, Avg(us): 1649, Min(us): 208, Max(us): 6266879, 50th(us): 841, 90th(us): 2589, 95th(us): 4619, 99th(us): 8255, 99.9th(us): 10935, 99.99th(us): 900095
TOTAL  - Takes(s): 630.0, Count: 10678053, OPS: 16949.2, Avg(us): 1649, Min(us): 208, Max(us): 6266879, 50th(us): 841, 90th(us): 2589, 95th(us): 4619, 99th(us): 8255, 99.9th(us): 10935, 99.99th(us): 900095
INSERT - Takes(s): 640.0, Count: 10678053, OPS: 16684.3, Avg(us): 1649, Min(us): 208, Max(us): 6266879, 50th(us): 841, 90th(us): 2589, 95th(us): 4619, 99th(us): 8255, 99.9th(us): 10935, 99.99th(us): 900095
TOTAL  - Takes(s): 640.0, Count: 10678053, OPS: 16684.3, Avg(us): 1649, Min(us): 208, Max(us): 6266879, 50th(us): 841, 90th(us): 2589, 95th(us): 4619, 99th(us): 8255, 99.9th(us): 10935, 99.99th(us): 900095
INSERT - Takes(s): 650.0, Count: 10683905, OPS: 16436.6, Avg(us): 1703, Min(us): 208, Max(us): 14663679, 50th(us): 841, 90th(us): 2589, 95th(us): 4619, 99th(us): 8255, 99.9th(us): 10951, 99.99th(us): 913919
TOTAL  - Takes(s): 650.0, Count: 10683905, OPS: 16436.7, Avg(us): 1703, Min(us): 208, Max(us): 14663679, 50th(us): 841, 90th(us): 2589, 95th(us): 4619, 99th(us): 8255, 99.9th(us): 10951, 99.99th(us): 913919
INSERT - Takes(s): 660.0, Count: 10683905, OPS: 16187.6, Avg(us): 1703, Min(us): 208, Max(us): 14663679, 50th(us): 841, 90th(us): 2589, 95th(us): 4619, 99th(us): 8255, 99.9th(us): 10951, 99.99th(us): 913919
TOTAL  - Takes(s): 660.0, Count: 10683905, OPS: 16187.6, Avg(us): 1703, Min(us): 208, Max(us): 14663679, 50th(us): 841, 90th(us): 2589, 95th(us): 4619, 99th(us): 8255, 99.9th(us): 10951, 99.99th(us): 913919
INSERT - Takes(s): 670.0, Count: 10703395, OPS: 15975.0, Avg(us): 1759, Min(us): 208, Max(us): 15974399, 50th(us): 841, 90th(us): 2589, 95th(us): 4619, 99th(us): 8255, 99.9th(us): 10951, 99.99th(us): 1017855
TOTAL  - Takes(s): 670.0, Count: 10703395, OPS: 15975.2, Avg(us): 1759, Min(us): 208, Max(us): 15974399, 50th(us): 841, 90th(us): 2589, 95th(us): 4619, 99th(us): 8255, 99.9th(us): 10951, 99.99th(us): 1017855
INSERT - Takes(s): 680.0, Count: 10743625, OPS: 15799.3, Avg(us): 1788, Min(us): 208, Max(us): 15974399, 50th(us): 841, 90th(us): 2591, 95th(us): 4619, 99th(us): 8255, 99.9th(us): 10959, 99.99th(us): 1271807
TOTAL  - Takes(s): 680.0, Count: 10743625, OPS: 15799.4, Avg(us): 1788, Min(us): 208, Max(us): 15974399, 50th(us): 841, 90th(us): 2591, 95th(us): 4619, 99th(us): 8255, 99.9th(us): 10959, 99.99th(us): 1271807
INSERT - Takes(s): 690.0, Count: 10848131, OPS: 15721.8, Avg(us): 1798, Min(us): 208, Max(us): 15974399, 50th(us): 841, 90th(us): 2591, 95th(us): 4619, 99th(us): 8255, 99.9th(us): 10975, 99.99th(us): 1328127
TOTAL  - Takes(s): 690.0, Count: 10848131, OPS: 15721.9, Avg(us): 1798, Min(us): 208, Max(us): 15974399, 50th(us): 841, 90th(us): 2591, 95th(us): 4619, 99th(us): 8255, 99.9th(us): 10975, 99.99th(us): 1328127
INSERT - Takes(s): 700.0, Count: 11009260, OPS: 15727.3, Avg(us): 1797, Min(us): 208, Max(us): 15974399, 50th(us): 842, 90th(us): 2591, 95th(us): 4623, 99th(us): 8255, 99.9th(us): 10999, 99.99th(us): 1320959
TOTAL  - Takes(s): 700.0, Count: 11009260, OPS: 15727.5, Avg(us): 1797, Min(us): 208, Max(us): 15974399, 50th(us): 842, 90th(us): 2591, 95th(us): 4623, 99th(us): 8255, 99.9th(us): 10999, 99.99th(us): 1320959
INSERT - Takes(s): 710.0, Count: 11185355, OPS: 15753.9, Avg(us): 1794, Min(us): 208, Max(us): 15974399, 50th(us): 842, 90th(us): 2593, 95th(us): 4623, 99th(us): 8255, 99.9th(us): 10999, 99.99th(us): 1320959
TOTAL  - Takes(s): 710.0, Count: 11185355, OPS: 15753.9, Avg(us): 1794, Min(us): 208, Max(us): 15974399, 50th(us): 842, 90th(us): 2593, 95th(us): 4623, 99th(us): 8255, 99.9th(us): 10999, 99.99th(us): 1320959
INSERT - Takes(s): 720.0, Count: 11342247, OPS: 15753.0, Avg(us): 1794, Min(us): 208, Max(us): 15974399, 50th(us): 842, 90th(us): 2595, 95th(us): 4623, 99th(us): 8263, 99.9th(us): 11007, 99.99th(us): 1271807
TOTAL  - Takes(s): 720.0, Count: 11342247, OPS: 15753.1, Avg(us): 1794, Min(us): 208, Max(us): 15974399, 50th(us): 842, 90th(us): 2595, 95th(us): 4623, 99th(us): 8263, 99.9th(us): 11007, 99.99th(us): 1271807
INSERT - Takes(s): 730.0, Count: 11500160, OPS: 15753.5, Avg(us): 1793, Min(us): 208, Max(us): 15974399, 50th(us): 842, 90th(us): 2595, 95th(us): 4623, 99th(us): 8271, 99.9th(us): 11007, 99.99th(us): 1320959
TOTAL  - Takes(s): 730.0, Count: 11500160, OPS: 15753.5, Avg(us): 1793, Min(us): 208, Max(us): 15974399, 50th(us): 842, 90th(us): 2595, 95th(us): 4623, 99th(us): 8271, 99.9th(us): 11007, 99.99th(us): 1320959
INSERT - Takes(s): 740.0, Count: 11620443, OPS: 15703.1, Avg(us): 1801, Min(us): 208, Max(us): 15974399, 50th(us): 842, 90th(us): 2595, 95th(us): 4627, 99th(us): 8271, 99.9th(us): 11023, 99.99th(us): 1328127
TOTAL  - Takes(s): 740.0, Count: 11620443, OPS: 15703.3, Avg(us): 1801, Min(us): 208, Max(us): 15974399, 50th(us): 842, 90th(us): 2595, 95th(us): 4627, 99th(us): 8271, 99.9th(us): 11023, 99.99th(us): 1328127
INSERT - Takes(s): 750.0, Count: 11743853, OPS: 15658.4, Avg(us): 1807, Min(us): 208, Max(us): 15974399, 50th(us): 842, 90th(us): 2597, 95th(us): 4627, 99th(us): 8279, 99.9th(us): 11039, 99.99th(us): 1420287
TOTAL  - Takes(s): 750.0, Count: 11743853, OPS: 15658.5, Avg(us): 1807, Min(us): 208, Max(us): 15974399, 50th(us): 842, 90th(us): 2597, 95th(us): 4627, 99th(us): 8279, 99.9th(us): 11039, 99.99th(us): 1420287
INSERT - Takes(s): 760.0, Count: 11908813, OPS: 15669.4, Avg(us): 1805, Min(us): 208, Max(us): 15974399, 50th(us): 842, 90th(us): 2597, 95th(us): 4627, 99th(us): 8279, 99.9th(us): 11047, 99.99th(us): 1328127
TOTAL  - Takes(s): 760.0, Count: 11908813, OPS: 15669.5, Avg(us): 1805, Min(us): 208, Max(us): 15974399, 50th(us): 842, 90th(us): 2597, 95th(us): 4627, 99th(us): 8279, 99.9th(us): 11047, 99.99th(us): 1328127
INSERT - Takes(s): 770.0, Count: 12065091, OPS: 15668.8, Avg(us): 1803, Min(us): 208, Max(us): 15974399, 50th(us): 842, 90th(us): 2597, 95th(us): 4627, 99th(us): 8287, 99.9th(us): 11055, 99.99th(us): 1328127
TOTAL  - Takes(s): 770.0, Count: 12065091, OPS: 15668.9, Avg(us): 1803, Min(us): 208, Max(us): 15974399, 50th(us): 842, 90th(us): 2597, 95th(us): 4627, 99th(us): 8287, 99.9th(us): 11055, 99.99th(us): 1328127
INSERT - Takes(s): 780.0, Count: 12231036, OPS: 15680.7, Avg(us): 1804, Min(us): 208, Max(us): 15974399, 50th(us): 842, 90th(us): 2601, 95th(us): 4631, 99th(us): 8287, 99.9th(us): 11055, 99.99th(us): 1320959
TOTAL  - Takes(s): 780.0, Count: 12231036, OPS: 15680.8, Avg(us): 1804, Min(us): 208, Max(us): 15974399, 50th(us): 842, 90th(us): 2601, 95th(us): 4631, 99th(us): 8287, 99.9th(us): 11055, 99.99th(us): 1320959
INSERT - Takes(s): 790.0, Count: 12315073, OPS: 15588.5, Avg(us): 1816, Min(us): 208, Max(us): 15974399, 50th(us): 842, 90th(us): 2601, 95th(us): 4631, 99th(us): 8287, 99.9th(us): 11063, 99.99th(us): 1420287
TOTAL  - Takes(s): 790.0, Count: 12315073, OPS: 15588.6, Avg(us): 1816, Min(us): 208, Max(us): 15974399, 50th(us): 842, 90th(us): 2601, 95th(us): 4631, 99th(us): 8287, 99.9th(us): 11063, 99.99th(us): 1420287
INSERT - Takes(s): 800.0, Count: 12339770, OPS: 15424.6, Avg(us): 1829, Min(us): 208, Max(us): 15974399, 50th(us): 842, 90th(us): 2601, 95th(us): 4631, 99th(us): 8287, 99.9th(us): 11071, 99.99th(us): 1452031
TOTAL  - Takes(s): 800.0, Count: 12339770, OPS: 15424.6, Avg(us): 1829, Min(us): 208, Max(us): 15974399, 50th(us): 842, 90th(us): 2601, 95th(us): 4631, 99th(us): 8287, 99.9th(us): 11071, 99.99th(us): 1452031
INSERT - Takes(s): 810.0, Count: 12501893, OPS: 15434.3, Avg(us): 1837, Min(us): 208, Max(us): 15974399, 50th(us): 842, 90th(us): 2601, 95th(us): 4631, 99th(us): 8287, 99.9th(us): 11087, 99.99th(us): 1476607
TOTAL  - Takes(s): 810.0, Count: 12501893, OPS: 15434.4, Avg(us): 1837, Min(us): 208, Max(us): 15974399, 50th(us): 842, 90th(us): 2601, 95th(us): 4631, 99th(us): 8287, 99.9th(us): 11087, 99.99th(us): 1476607
INSERT - Takes(s): 820.0, Count: 12654655, OPS: 15432.4, Avg(us): 1837, Min(us): 208, Max(us): 15974399, 50th(us): 842, 90th(us): 2603, 95th(us): 4631, 99th(us): 8295, 99.9th(us): 11087, 99.99th(us): 1501183
TOTAL  - Takes(s): 820.0, Count: 12654655, OPS: 15432.4, Avg(us): 1837, Min(us): 208, Max(us): 15974399, 50th(us): 842, 90th(us): 2603, 95th(us): 4631, 99th(us): 8295, 99.9th(us): 11087, 99.99th(us): 1501183
INSERT - Takes(s): 830.0, Count: 12817925, OPS: 15443.1, Avg(us): 1836, Min(us): 208, Max(us): 15974399, 50th(us): 842, 90th(us): 2603, 95th(us): 4635, 99th(us): 8295, 99.9th(us): 11087, 99.99th(us): 1502207
TOTAL  - Takes(s): 830.0, Count: 12817925, OPS: 15443.2, Avg(us): 1836, Min(us): 208, Max(us): 15974399, 50th(us): 842, 90th(us): 2603, 95th(us): 4635, 99th(us): 8295, 99.9th(us): 11087, 99.99th(us): 1502207
INSERT - Takes(s): 840.0, Count: 12983872, OPS: 15456.8, Avg(us): 1834, Min(us): 208, Max(us): 15974399, 50th(us): 843, 90th(us): 2603, 95th(us): 4635, 99th(us): 8303, 99.9th(us): 11095, 99.99th(us): 1502207
TOTAL  - Takes(s): 840.0, Count: 12983872, OPS: 15456.9, Avg(us): 1834, Min(us): 208, Max(us): 15974399, 50th(us): 843, 90th(us): 2603, 95th(us): 4635, 99th(us): 8303, 99.9th(us): 11095, 99.99th(us): 1502207
INSERT - Takes(s): 850.0, Count: 13159889, OPS: 15482.1, Avg(us): 1828, Min(us): 208, Max(us): 15974399, 50th(us): 843, 90th(us): 2603, 95th(us): 4635, 99th(us): 8303, 99.9th(us): 11095, 99.99th(us): 1501183
TOTAL  - Takes(s): 850.0, Count: 13159889, OPS: 15482.2, Avg(us): 1828, Min(us): 208, Max(us): 15974399, 50th(us): 843, 90th(us): 2603, 95th(us): 4635, 99th(us): 8303, 99.9th(us): 11095, 99.99th(us): 1501183
INSERT - Takes(s): 860.0, Count: 13251446, OPS: 15408.5, Avg(us): 1840, Min(us): 208, Max(us): 15974399, 50th(us): 843, 90th(us): 2605, 95th(us): 4635, 99th(us): 8303, 99.9th(us): 11103, 99.99th(us): 1502207
TOTAL  - Takes(s): 860.0, Count: 13251446, OPS: 15408.6, Avg(us): 1840, Min(us): 208, Max(us): 15974399, 50th(us): 843, 90th(us): 2605, 95th(us): 4635, 99th(us): 8303, 99.9th(us): 11103, 99.99th(us): 1502207
INSERT - Takes(s): 870.0, Count: 13406459, OPS: 15409.6, Avg(us): 1840, Min(us): 208, Max(us): 15974399, 50th(us): 843, 90th(us): 2605, 95th(us): 4635, 99th(us): 8303, 99.9th(us): 11103, 99.99th(us): 1556479
TOTAL  - Takes(s): 870.0, Count: 13406459, OPS: 15409.7, Avg(us): 1840, Min(us): 208, Max(us): 15974399, 50th(us): 843, 90th(us): 2605, 95th(us): 4635, 99th(us): 8303, 99.9th(us): 11103, 99.99th(us): 1556479
INSERT - Takes(s): 880.0, Count: 13483262, OPS: 15321.7, Avg(us): 1842, Min(us): 208, Max(us): 15974399, 50th(us): 843, 90th(us): 2605, 95th(us): 4635, 99th(us): 8303, 99.9th(us): 11111, 99.99th(us): 1556479
TOTAL  - Takes(s): 880.0, Count: 13483262, OPS: 15321.8, Avg(us): 1842, Min(us): 208, Max(us): 15974399, 50th(us): 843, 90th(us): 2605, 95th(us): 4635, 99th(us): 8303, 99.9th(us): 11111, 99.99th(us): 1556479
INSERT - Takes(s): 890.0, Count: 13652067, OPS: 15339.3, Avg(us): 1850, Min(us): 208, Max(us): 15974399, 50th(us): 843, 90th(us): 2609, 95th(us): 4635, 99th(us): 8303, 99.9th(us): 11111, 99.99th(us): 1603583
TOTAL  - Takes(s): 890.0, Count: 13652067, OPS: 15339.4, Avg(us): 1850, Min(us): 208, Max(us): 15974399, 50th(us): 843, 90th(us): 2609, 95th(us): 4635, 99th(us): 8303, 99.9th(us): 11111, 99.99th(us): 1603583
INSERT - Takes(s): 900.0, Count: 13847935, OPS: 15386.5, Avg(us): 1844, Min(us): 208, Max(us): 15974399, 50th(us): 843, 90th(us): 2609, 95th(us): 4635, 99th(us): 8303, 99.9th(us): 11103, 99.99th(us): 1556479
TOTAL  - Takes(s): 900.0, Count: 13847935, OPS: 15386.6, Avg(us): 1844, Min(us): 208, Max(us): 15974399, 50th(us): 843, 90th(us): 2609, 95th(us): 4635, 99th(us): 8303, 99.9th(us): 11103, 99.99th(us): 1556479
INSERT - Takes(s): 910.0, Count: 13985470, OPS: 15368.5, Avg(us): 1846, Min(us): 208, Max(us): 15974399, 50th(us): 843, 90th(us): 2611, 95th(us): 4635, 99th(us): 8311, 99.9th(us): 11111, 99.99th(us): 1603583
TOTAL  - Takes(s): 910.0, Count: 13985470, OPS: 15368.6, Avg(us): 1846, Min(us): 208, Max(us): 15974399, 50th(us): 843, 90th(us): 2611, 95th(us): 4635, 99th(us): 8311, 99.9th(us): 11111, 99.99th(us): 1603583
INSERT - Takes(s): 920.0, Count: 14178026, OPS: 15410.8, Avg(us): 1840, Min(us): 208, Max(us): 15974399, 50th(us): 843, 90th(us): 2611, 95th(us): 4639, 99th(us): 8311, 99.9th(us): 11111, 99.99th(us): 1556479
TOTAL  - Takes(s): 920.0, Count: 14178026, OPS: 15410.8, Avg(us): 1840, Min(us): 208, Max(us): 15974399, 50th(us): 843, 90th(us): 2611, 95th(us): 4639, 99th(us): 8311, 99.9th(us): 11111, 99.99th(us): 1556479
INSERT - Takes(s): 930.0, Count: 14369214, OPS: 15450.7, Avg(us): 1835, Min(us): 208, Max(us): 15974399, 50th(us): 843, 90th(us): 2615, 95th(us): 4639, 99th(us): 8311, 99.9th(us): 11111, 99.99th(us): 1556479
TOTAL  - Takes(s): 930.0, Count: 14369214, OPS: 15450.7, Avg(us): 1835, Min(us): 208, Max(us): 15974399, 50th(us): 843, 90th(us): 2615, 95th(us): 4639, 99th(us): 8311, 99.9th(us): 11111, 99.99th(us): 1556479
INSERT - Takes(s): 940.0, Count: 14393065, OPS: 15311.7, Avg(us): 1835, Min(us): 208, Max(us): 15974399, 50th(us): 843, 90th(us): 2617, 95th(us): 4639, 99th(us): 8311, 99.9th(us): 11111, 99.99th(us): 1555455
TOTAL  - Takes(s): 940.0, Count: 14393065, OPS: 15311.7, Avg(us): 1835, Min(us): 208, Max(us): 15974399, 50th(us): 843, 90th(us): 2617, 95th(us): 4639, 99th(us): 8311, 99.9th(us): 11111, 99.99th(us): 1555455
INSERT - Takes(s): 950.0, Count: 14402815, OPS: 15160.7, Avg(us): 1873, Min(us): 208, Max(us): 17448959, 50th(us): 843, 90th(us): 2617, 95th(us): 4639, 99th(us): 8311, 99.9th(us): 11111, 99.99th(us): 1557503
TOTAL  - Takes(s): 950.0, Count: 14402815, OPS: 15160.8, Avg(us): 1873, Min(us): 208, Max(us): 17448959, 50th(us): 843, 90th(us): 2617, 95th(us): 4639, 99th(us): 8311, 99.9th(us): 11111, 99.99th(us): 1557503
INSERT - Takes(s): 960.0, Count: 14404765, OPS: 15004.8, Avg(us): 1880, Min(us): 208, Max(us): 17448959, 50th(us): 843, 90th(us): 2617, 95th(us): 4639, 99th(us): 8311, 99.9th(us): 11119, 99.99th(us): 1603583
TOTAL  - Takes(s): 960.0, Count: 14404765, OPS: 15004.9, Avg(us): 1880, Min(us): 208, Max(us): 17448959, 50th(us): 843, 90th(us): 2617, 95th(us): 4639, 99th(us): 8311, 99.9th(us): 11119, 99.99th(us): 1603583
INSERT - Takes(s): 970.0, Count: 14408665, OPS: 14854.2, Avg(us): 1917, Min(us): 208, Max(us): 17448959, 50th(us): 843, 90th(us): 2617, 95th(us): 4639, 99th(us): 8311, 99.9th(us): 11119, 99.99th(us): 1679359
TOTAL  - Takes(s): 970.0, Count: 14408665, OPS: 14854.3, Avg(us): 1917, Min(us): 208, Max(us): 17448959, 50th(us): 843, 90th(us): 2617, 95th(us): 4639, 99th(us): 8311, 99.9th(us): 11119, 99.99th(us): 1679359
INSERT - Takes(s): 980.0, Count: 14410615, OPS: 14704.6, Avg(us): 1928, Min(us): 208, Max(us): 17448959, 50th(us): 843, 90th(us): 2617, 95th(us): 4639, 99th(us): 8311, 99.9th(us): 11127, 99.99th(us): 1766399
TOTAL  - Takes(s): 980.0, Count: 14410615, OPS: 14704.6, Avg(us): 1928, Min(us): 208, Max(us): 17448959, 50th(us): 843, 90th(us): 2617, 95th(us): 4639, 99th(us): 8311, 99.9th(us): 11127, 99.99th(us): 1766399
INSERT - Takes(s): 990.0, Count: 14449598, OPS: 14595.4, Avg(us): 1955, Min(us): 208, Max(us): 17448959, 50th(us): 843, 90th(us): 2617, 95th(us): 4639, 99th(us): 8311, 99.9th(us): 11135, 99.99th(us): 1825791
TOTAL  - Takes(s): 990.0, Count: 14449598, OPS: 14595.5, Avg(us): 1955, Min(us): 208, Max(us): 17448959, 50th(us): 843, 90th(us): 2617, 95th(us): 4639, 99th(us): 8311, 99.9th(us): 11135, 99.99th(us): 1825791
INSERT - Takes(s): 1000.0, Count: 14524966, OPS: 14524.8, Avg(us): 1967, Min(us): 208, Max(us): 17448959, 50th(us): 843, 90th(us): 2617, 95th(us): 4643, 99th(us): 8311, 99.9th(us): 11151, 99.99th(us): 1911807
TOTAL  - Takes(s): 1000.0, Count: 14524966, OPS: 14524.9, Avg(us): 1967, Min(us): 208, Max(us): 17448959, 50th(us): 843, 90th(us): 2617, 95th(us): 4643, 99th(us): 8311, 99.9th(us): 11151, 99.99th(us): 1911807
INSERT - Takes(s): 1010.0, Count: 14685900, OPS: 14540.4, Avg(us): 1965, Min(us): 208, Max(us): 17448959, 50th(us): 844, 90th(us): 2619, 95th(us): 4643, 99th(us): 8319, 99.9th(us): 11151, 99.99th(us): 1911807
TOTAL  - Takes(s): 1010.0, Count: 14685900, OPS: 14540.5, Avg(us): 1965, Min(us): 208, Max(us): 17448959, 50th(us): 844, 90th(us): 2619, 95th(us): 4643, 99th(us): 8319, 99.9th(us): 11151, 99.99th(us): 1911807
INSERT - Takes(s): 1020.0, Count: 14800263, OPS: 14510.0, Avg(us): 1968, Min(us): 208, Max(us): 17448959, 50th(us): 844, 90th(us): 2619, 95th(us): 4643, 99th(us): 8311, 99.9th(us): 11159, 99.99th(us): 1912831
TOTAL  - Takes(s): 1020.0, Count: 14800263, OPS: 14510.0, Avg(us): 1968, Min(us): 208, Max(us): 17448959, 50th(us): 844, 90th(us): 2619, 95th(us): 4643, 99th(us): 8311, 99.9th(us): 11159, 99.99th(us): 1912831
INSERT - Takes(s): 1030.0, Count: 14940876, OPS: 14505.6, Avg(us): 1970, Min(us): 208, Max(us): 17448959, 50th(us): 844, 90th(us): 2619, 95th(us): 4643, 99th(us): 8319, 99.9th(us): 11167, 99.99th(us): 2017279
TOTAL  - Takes(s): 1030.0, Count: 14940876, OPS: 14505.7, Avg(us): 1970, Min(us): 208, Max(us): 17448959, 50th(us): 844, 90th(us): 2619, 95th(us): 4643, 99th(us): 8319, 99.9th(us): 11167, 99.99th(us): 2017279
INSERT - Takes(s): 1040.0, Count: 15126284, OPS: 14544.4, Avg(us): 1964, Min(us): 208, Max(us): 17448959, 50th(us): 844, 90th(us): 2619, 95th(us): 4643, 99th(us): 8319, 99.9th(us): 11151, 99.99th(us): 1912831
TOTAL  - Takes(s): 1040.0, Count: 15126284, OPS: 14544.5, Avg(us): 1964, Min(us): 208, Max(us): 17448959, 50th(us): 844, 90th(us): 2619, 95th(us): 4643, 99th(us): 8319, 99.9th(us): 11151, 99.99th(us): 1912831
INSERT - Takes(s): 1050.0, Count: 15293114, OPS: 14564.8, Avg(us): 1961, Min(us): 208, Max(us): 17448959, 50th(us): 844, 90th(us): 2619, 95th(us): 4643, 99th(us): 8319, 99.9th(us): 11151, 99.99th(us): 1911807
TOTAL  - Takes(s): 1050.0, Count: 15293114, OPS: 14564.8, Avg(us): 1961, Min(us): 208, Max(us): 17448959, 50th(us): 844, 90th(us): 2619, 95th(us): 4643, 99th(us): 8319, 99.9th(us): 11151, 99.99th(us): 1911807
INSERT - Takes(s): 1060.0, Count: 15433121, OPS: 14559.5, Avg(us): 1962, Min(us): 208, Max(us): 17448959, 50th(us): 844, 90th(us): 2621, 95th(us): 4643, 99th(us): 8319, 99.9th(us): 11151, 99.99th(us): 1833983
TOTAL  - Takes(s): 1060.0, Count: 15433121, OPS: 14559.5, Avg(us): 1962, Min(us): 208, Max(us): 17448959, 50th(us): 844, 90th(us): 2621, 95th(us): 4643, 99th(us): 8319, 99.9th(us): 11151, 99.99th(us): 1833983
INSERT - Takes(s): 1070.0, Count: 15629116, OPS: 14606.6, Avg(us): 1955, Min(us): 208, Max(us): 17448959, 50th(us): 844, 90th(us): 2621, 95th(us): 4643, 99th(us): 8319, 99.9th(us): 11143, 99.99th(us): 1832959
TOTAL  - Takes(s): 1070.0, Count: 15629116, OPS: 14606.6, Avg(us): 1955, Min(us): 208, Max(us): 17448959, 50th(us): 844, 90th(us): 2621, 95th(us): 4643, 99th(us): 8319, 99.9th(us): 11143, 99.99th(us): 1832959
INSERT - Takes(s): 1080.0, Count: 15714072, OPS: 14550.0, Avg(us): 1964, Min(us): 208, Max(us): 17448959, 50th(us): 844, 90th(us): 2623, 95th(us): 4647, 99th(us): 8327, 99.9th(us): 11183, 99.99th(us): 1833983
TOTAL  - Takes(s): 1080.0, Count: 15714072, OPS: 14550.0, Avg(us): 1964, Min(us): 208, Max(us): 17448959, 50th(us): 844, 90th(us): 2623, 95th(us): 4647, 99th(us): 8327, 99.9th(us): 11183, 99.99th(us): 1833983
INSERT - Takes(s): 1090.0, Count: 15751732, OPS: 14451.0, Avg(us): 1979, Min(us): 208, Max(us): 17448959, 50th(us): 844, 90th(us): 2623, 95th(us): 4647, 99th(us): 8327, 99.9th(us): 11191, 99.99th(us): 1912831
TOTAL  - Takes(s): 1090.0, Count: 15751732, OPS: 14451.1, Avg(us): 1979, Min(us): 208, Max(us): 17448959, 50th(us): 844, 90th(us): 2623, 95th(us): 4647, 99th(us): 8327, 99.9th(us): 11191, 99.99th(us): 1912831
INSERT - Takes(s): 1100.0, Count: 15924275, OPS: 14476.5, Avg(us): 1973, Min(us): 208, Max(us): 17448959, 50th(us): 844, 90th(us): 2623, 95th(us): 4647, 99th(us): 8327, 99.9th(us): 11183, 99.99th(us): 1911807
TOTAL  - Takes(s): 1100.0, Count: 15924275, OPS: 14476.6, Avg(us): 1973, Min(us): 208, Max(us): 17448959, 50th(us): 844, 90th(us): 2623, 95th(us): 4647, 99th(us): 8327, 99.9th(us): 11183, 99.99th(us): 1911807
INSERT - Takes(s): 1110.0, Count: 16032493, OPS: 14443.6, Avg(us): 1980, Min(us): 208, Max(us): 17448959, 50th(us): 844, 90th(us): 2625, 95th(us): 4651, 99th(us): 8327, 99.9th(us): 11191, 99.99th(us): 2018303
TOTAL  - Takes(s): 1110.0, Count: 16032493, OPS: 14443.6, Avg(us): 1980, Min(us): 208, Max(us): 17448959, 50th(us): 844, 90th(us): 2625, 95th(us): 4651, 99th(us): 8327, 99.9th(us): 11191, 99.99th(us): 2018303
INSERT - Takes(s): 1120.0, Count: 16130766, OPS: 14402.4, Avg(us): 1986, Min(us): 208, Max(us): 17448959, 50th(us): 844, 90th(us): 2625, 95th(us): 4651, 99th(us): 8327, 99.9th(us): 11191, 99.99th(us): 2038783
TOTAL  - Takes(s): 1120.0, Count: 16130766, OPS: 14402.4, Avg(us): 1986, Min(us): 208, Max(us): 17448959, 50th(us): 844, 90th(us): 2625, 95th(us): 4651, 99th(us): 8327, 99.9th(us): 11191, 99.99th(us): 2038783
INSERT - Takes(s): 1130.0, Count: 16286608, OPS: 14412.8, Avg(us): 1984, Min(us): 208, Max(us): 17448959, 50th(us): 844, 90th(us): 2627, 95th(us): 4651, 99th(us): 8327, 99.9th(us): 11191, 99.99th(us): 2038783
TOTAL  - Takes(s): 1130.0, Count: 16286608, OPS: 14412.9, Avg(us): 1984, Min(us): 208, Max(us): 17448959, 50th(us): 844, 90th(us): 2627, 95th(us): 4651, 99th(us): 8327, 99.9th(us): 11191, 99.99th(us): 2038783
INSERT - Takes(s): 1140.0, Count: 16394286, OPS: 14380.9, Avg(us): 1990, Min(us): 208, Max(us): 17448959, 50th(us): 844, 90th(us): 2629, 95th(us): 4651, 99th(us): 8327, 99.9th(us): 11199, 99.99th(us): 2038783
TOTAL  - Takes(s): 1140.0, Count: 16394286, OPS: 14380.9, Avg(us): 1990, Min(us): 208, Max(us): 17448959, 50th(us): 844, 90th(us): 2629, 95th(us): 4651, 99th(us): 8327, 99.9th(us): 11199, 99.99th(us): 2038783
INSERT - Takes(s): 1150.0, Count: 16590940, OPS: 14426.8, Avg(us): 1983, Min(us): 208, Max(us): 17448959, 50th(us): 844, 90th(us): 2627, 95th(us): 4651, 99th(us): 8327, 99.9th(us): 11199, 99.99th(us): 2038783
TOTAL  - Takes(s): 1150.0, Count: 16590940, OPS: 14426.8, Avg(us): 1983, Min(us): 208, Max(us): 17448959, 50th(us): 844, 90th(us): 2627, 95th(us): 4651, 99th(us): 8327, 99.9th(us): 11199, 99.99th(us): 2038783
INSERT - Takes(s): 1160.0, Count: 16625059, OPS: 14331.8, Avg(us): 1998, Min(us): 208, Max(us): 17448959, 50th(us): 844, 90th(us): 2627, 95th(us): 4651, 99th(us): 8327, 99.9th(us): 11207, 99.99th(us): 2105343
TOTAL  - Takes(s): 1160.0, Count: 16625059, OPS: 14331.9, Avg(us): 1998, Min(us): 208, Max(us): 17448959, 50th(us): 844, 90th(us): 2627, 95th(us): 4651, 99th(us): 8327, 99.9th(us): 11207, 99.99th(us): 2105343
INSERT - Takes(s): 1170.0, Count: 16730868, OPS: 14299.8, Avg(us): 2002, Min(us): 208, Max(us): 17448959, 50th(us): 844, 90th(us): 2629, 95th(us): 4651, 99th(us): 8335, 99.9th(us): 11215, 99.99th(us): 2109439
TOTAL  - Takes(s): 1170.0, Count: 16730868, OPS: 14299.9, Avg(us): 2002, Min(us): 208, Max(us): 17448959, 50th(us): 844, 90th(us): 2629, 95th(us): 4651, 99th(us): 8335, 99.9th(us): 11215, 99.99th(us): 2109439
INSERT - Takes(s): 1180.0, Count: 16795183, OPS: 14233.1, Avg(us): 2005, Min(us): 208, Max(us): 17448959, 50th(us): 844, 90th(us): 2631, 95th(us): 4651, 99th(us): 8335, 99.9th(us): 11223, 99.99th(us): 2109439
TOTAL  - Takes(s): 1180.0, Count: 16795183, OPS: 14233.1, Avg(us): 2005, Min(us): 208, Max(us): 17448959, 50th(us): 844, 90th(us): 2631, 95th(us): 4651, 99th(us): 8335, 99.9th(us): 11223, 99.99th(us): 2109439
INSERT - Takes(s): 1190.0, Count: 16871180, OPS: 14177.4, Avg(us): 2021, Min(us): 208, Max(us): 17448959, 50th(us): 844, 90th(us): 2631, 95th(us): 4651, 99th(us): 8335, 99.9th(us): 11239, 99.99th(us): 2148351
TOTAL  - Takes(s): 1190.0, Count: 16871180, OPS: 14177.4, Avg(us): 2021, Min(us): 208, Max(us): 17448959, 50th(us): 844, 90th(us): 2631, 95th(us): 4651, 99th(us): 8335, 99.9th(us): 11239, 99.99th(us): 2148351
INSERT - Takes(s): 1200.0, Count: 17018759, OPS: 14182.2, Avg(us): 2021, Min(us): 208, Max(us): 17448959, 50th(us): 844, 90th(us): 2631, 95th(us): 4651, 99th(us): 8335, 99.9th(us): 11247, 99.99th(us): 2148351
TOTAL  - Takes(s): 1200.0, Count: 17018759, OPS: 14182.2, Avg(us): 2021, Min(us): 208, Max(us): 17448959, 50th(us): 844, 90th(us): 2631, 95th(us): 4651, 99th(us): 8335, 99.9th(us): 11247, 99.99th(us): 2148351
INSERT - Takes(s): 1210.0, Count: 17175071, OPS: 14194.2, Avg(us): 2016, Min(us): 208, Max(us): 17448959, 50th(us): 845, 90th(us): 2631, 95th(us): 4651, 99th(us): 8335, 99.9th(us): 11247, 99.99th(us): 2148351
TOTAL  - Takes(s): 1210.0, Count: 17175071, OPS: 14194.2, Avg(us): 2016, Min(us): 208, Max(us): 17448959, 50th(us): 845, 90th(us): 2631, 95th(us): 4651, 99th(us): 8335, 99.9th(us): 11247, 99.99th(us): 2148351
INSERT - Takes(s): 1220.0, Count: 17233543, OPS: 14125.8, Avg(us): 2030, Min(us): 208, Max(us): 17448959, 50th(us): 845, 90th(us): 2631, 95th(us): 4651, 99th(us): 8335, 99.9th(us): 11247, 99.99th(us): 2344959
TOTAL  - Takes(s): 1220.0, Count: 17233543, OPS: 14125.8, Avg(us): 2030, Min(us): 208, Max(us): 17448959, 50th(us): 845, 90th(us): 2631, 95th(us): 4651, 99th(us): 8335, 99.9th(us): 11247, 99.99th(us): 2344959
INSERT - Takes(s): 1230.0, Count: 17253042, OPS: 14026.8, Avg(us): 2035, Min(us): 208, Max(us): 17448959, 50th(us): 845, 90th(us): 2631, 95th(us): 4651, 99th(us): 8335, 99.9th(us): 11255, 99.99th(us): 2418687
TOTAL  - Takes(s): 1230.0, Count: 17253042, OPS: 14026.8, Avg(us): 2035, Min(us): 208, Max(us): 17448959, 50th(us): 845, 90th(us): 2631, 95th(us): 4651, 99th(us): 8335, 99.9th(us): 11255, 99.99th(us): 2418687
INSERT - Takes(s): 1240.0, Count: 17253042, OPS: 13913.7, Avg(us): 2035, Min(us): 208, Max(us): 17448959, 50th(us): 845, 90th(us): 2631, 95th(us): 4651, 99th(us): 8335, 99.9th(us): 11255, 99.99th(us): 2418687
TOTAL  - Takes(s): 1240.0, Count: 17253042, OPS: 13913.7, Avg(us): 2035, Min(us): 208, Max(us): 17448959, 50th(us): 845, 90th(us): 2631, 95th(us): 4651, 99th(us): 8335, 99.9th(us): 11255, 99.99th(us): 2418687
INSERT - Takes(s): 1250.0, Count: 17254992, OPS: 13803.9, Avg(us): 2083, Min(us): 208, Max(us): 25657343, 50th(us): 845, 90th(us): 2631, 95th(us): 4651, 99th(us): 8335, 99.9th(us): 11263, 99.99th(us): 2527231
TOTAL  - Takes(s): 1250.0, Count: 17254992, OPS: 13804.0, Avg(us): 2083, Min(us): 208, Max(us): 25657343, 50th(us): 845, 90th(us): 2631, 95th(us): 4651, 99th(us): 8335, 99.9th(us): 11263, 99.99th(us): 2527231
INSERT - Takes(s): 1260.0, Count: 17254992, OPS: 13694.3, Avg(us): 2083, Min(us): 208, Max(us): 25657343, 50th(us): 845, 90th(us): 2631, 95th(us): 4651, 99th(us): 8335, 99.9th(us): 11263, 99.99th(us): 2527231
TOTAL  - Takes(s): 1260.0, Count: 17254992, OPS: 13694.4, Avg(us): 2083, Min(us): 208, Max(us): 25657343, 50th(us): 845, 90th(us): 2631, 95th(us): 4651, 99th(us): 8335, 99.9th(us): 11263, 99.99th(us): 2527231
INSERT - Takes(s): 1270.0, Count: 17258892, OPS: 13589.6, Avg(us): 2104, Min(us): 208, Max(us): 25657343, 50th(us): 845, 90th(us): 2631, 95th(us): 4651, 99th(us): 8335, 99.9th(us): 11263, 99.99th(us): 2535423
TOTAL  - Takes(s): 1270.0, Count: 17258892, OPS: 13589.6, Avg(us): 2104, Min(us): 208, Max(us): 25657343, 50th(us): 845, 90th(us): 2631, 95th(us): 4651, 99th(us): 8335, 99.9th(us): 11263, 99.99th(us): 2535423
INSERT - Takes(s): 1280.0, Count: 17260842, OPS: 13485.0, Avg(us): 2124, Min(us): 208, Max(us): 25657343, 50th(us): 845, 90th(us): 2631, 95th(us): 4651, 99th(us): 8335, 99.9th(us): 11271, 99.99th(us): 2566143
TOTAL  - Takes(s): 1280.0, Count: 17260842, OPS: 13485.0, Avg(us): 2124, Min(us): 208, Max(us): 25657343, 50th(us): 845, 90th(us): 2631, 95th(us): 4651, 99th(us): 8335, 99.9th(us): 11271, 99.99th(us): 2566143
INSERT - Takes(s): 1290.0, Count: 17266692, OPS: 13385.0, Avg(us): 2153, Min(us): 208, Max(us): 25657343, 50th(us): 845, 90th(us): 2633, 95th(us): 4651, 99th(us): 8335, 99.9th(us): 11279, 99.99th(us): 2641919
TOTAL  - Takes(s): 1290.0, Count: 17266692, OPS: 13385.0, Avg(us): 2153, Min(us): 208, Max(us): 25657343, 50th(us): 845, 90th(us): 2633, 95th(us): 4651, 99th(us): 8335, 99.9th(us): 11279, 99.99th(us): 2641919
INSERT - Takes(s): 1300.0, Count: 17270591, OPS: 13285.0, Avg(us): 2170, Min(us): 208, Max(us): 25657343, 50th(us): 845, 90th(us): 2633, 95th(us): 4651, 99th(us): 8335, 99.9th(us): 11287, 99.99th(us): 2680831
TOTAL  - Takes(s): 1300.0, Count: 17270591, OPS: 13285.0, Avg(us): 2170, Min(us): 208, Max(us): 25657343, 50th(us): 845, 90th(us): 2633, 95th(us): 4651, 99th(us): 8335, 99.9th(us): 11287, 99.99th(us): 2680831
INSERT - Takes(s): 1310.0, Count: 17293984, OPS: 13201.4, Avg(us): 2184, Min(us): 208, Max(us): 25657343, 50th(us): 845, 90th(us): 2633, 95th(us): 4651, 99th(us): 8335, 99.9th(us): 11311, 99.99th(us): 2684927
TOTAL  - Takes(s): 1310.0, Count: 17293984, OPS: 13201.5, Avg(us): 2184, Min(us): 208, Max(us): 25657343, 50th(us): 845, 90th(us): 2633, 95th(us): 4651, 99th(us): 8335, 99.9th(us): 11311, 99.99th(us): 2684927
INSERT - Takes(s): 1320.0, Count: 17336848, OPS: 13133.9, Avg(us): 2200, Min(us): 208, Max(us): 25657343, 50th(us): 845, 90th(us): 2633, 95th(us): 4655, 99th(us): 8335, 99.9th(us): 11319, 99.99th(us): 2775039
TOTAL  - Takes(s): 1320.0, Count: 17336848, OPS: 13133.9, Avg(us): 2200, Min(us): 208, Max(us): 25657343, 50th(us): 845, 90th(us): 2633, 95th(us): 4655, 99th(us): 8335, 99.9th(us): 11319, 99.99th(us): 2775039
INSERT - Takes(s): 1330.0, Count: 17449121, OPS: 13119.6, Avg(us): 2204, Min(us): 208, Max(us): 25657343, 50th(us): 845, 90th(us): 2633, 95th(us): 4655, 99th(us): 8335, 99.9th(us): 11311, 99.99th(us): 2779135
TOTAL  - Takes(s): 1330.0, Count: 17449121, OPS: 13119.6, Avg(us): 2204, Min(us): 208, Max(us): 25657343, 50th(us): 845, 90th(us): 2633, 95th(us): 4655, 99th(us): 8335, 99.9th(us): 11311, 99.99th(us): 2779135
INSERT - Takes(s): 1340.0, Count: 17541743, OPS: 13090.8, Avg(us): 2209, Min(us): 208, Max(us): 25657343, 50th(us): 845, 90th(us): 2633, 95th(us): 4655, 99th(us): 8335, 99.9th(us): 11319, 99.99th(us): 2779135
TOTAL  - Takes(s): 1340.0, Count: 17541743, OPS: 13090.8, Avg(us): 2209, Min(us): 208, Max(us): 25657343, 50th(us): 845, 90th(us): 2633, 95th(us): 4655, 99th(us): 8335, 99.9th(us): 11319, 99.99th(us): 2779135
INSERT - Takes(s): 1350.0, Count: 17669582, OPS: 13088.5, Avg(us): 2210, Min(us): 208, Max(us): 25657343, 50th(us): 845, 90th(us): 2633, 95th(us): 4655, 99th(us): 8343, 99.9th(us): 11319, 99.99th(us): 2779135
TOTAL  - Takes(s): 1350.0, Count: 17669582, OPS: 13088.6, Avg(us): 2210, Min(us): 208, Max(us): 25657343, 50th(us): 845, 90th(us): 2633, 95th(us): 4655, 99th(us): 8343, 99.9th(us): 11319, 99.99th(us): 2779135
INSERT - Takes(s): 1360.0, Count: 17836244, OPS: 13114.8, Avg(us): 2205, Min(us): 208, Max(us): 25657343, 50th(us): 845, 90th(us): 2633, 95th(us): 4655, 99th(us): 8343, 99.9th(us): 11335, 99.99th(us): 2779135
TOTAL  - Takes(s): 1360.0, Count: 17836244, OPS: 13114.9, Avg(us): 2205, Min(us): 208, Max(us): 25657343, 50th(us): 845, 90th(us): 2633, 95th(us): 4655, 99th(us): 8343, 99.9th(us): 11335, 99.99th(us): 2779135
INSERT - Takes(s): 1370.0, Count: 18000773, OPS: 13139.2, Avg(us): 2200, Min(us): 208, Max(us): 25657343, 50th(us): 845, 90th(us): 2631, 95th(us): 4655, 99th(us): 8343, 99.9th(us): 11343, 99.99th(us): 2775039
TOTAL  - Takes(s): 1370.0, Count: 18000773, OPS: 13139.2, Avg(us): 2200, Min(us): 208, Max(us): 25657343, 50th(us): 845, 90th(us): 2631, 95th(us): 4655, 99th(us): 8343, 99.9th(us): 11343, 99.99th(us): 2775039
INSERT - Takes(s): 1380.0, Count: 18170608, OPS: 13167.0, Avg(us): 2194, Min(us): 208, Max(us): 25657343, 50th(us): 845, 90th(us): 2631, 95th(us): 4651, 99th(us): 8343, 99.9th(us): 11335, 99.99th(us): 2775039
TOTAL  - Takes(s): 1380.0, Count: 18170608, OPS: 13167.1, Avg(us): 2194, Min(us): 208, Max(us): 25657343, 50th(us): 845, 90th(us): 2631, 95th(us): 4651, 99th(us): 8343, 99.9th(us): 11335, 99.99th(us): 2775039
INSERT - Takes(s): 1390.0, Count: 18342779, OPS: 13196.2, Avg(us): 2190, Min(us): 208, Max(us): 25657343, 50th(us): 845, 90th(us): 2631, 95th(us): 4651, 99th(us): 8343, 99.9th(us): 11327, 99.99th(us): 2764799
TOTAL  - Takes(s): 1390.0, Count: 18342779, OPS: 13196.2, Avg(us): 2190, Min(us): 208, Max(us): 25657343, 50th(us): 845, 90th(us): 2631, 95th(us): 4651, 99th(us): 8343, 99.9th(us): 11327, 99.99th(us): 2764799
INSERT - Takes(s): 1400.0, Count: 18503806, OPS: 13216.9, Avg(us): 2186, Min(us): 208, Max(us): 25657343, 50th(us): 845, 90th(us): 2631, 95th(us): 4655, 99th(us): 8351, 99.9th(us): 11319, 99.99th(us): 2764799
TOTAL  - Takes(s): 1400.0, Count: 18503806, OPS: 13217.0, Avg(us): 2186, Min(us): 208, Max(us): 25657343, 50th(us): 845, 90th(us): 2631, 95th(us): 4655, 99th(us): 8351, 99.9th(us): 11319, 99.99th(us): 2764799
INSERT - Takes(s): 1410.0, Count: 18653985, OPS: 13229.7, Avg(us): 2184, Min(us): 208, Max(us): 25657343, 50th(us): 845, 90th(us): 2631, 95th(us): 4655, 99th(us): 8351, 99.9th(us): 11335, 99.99th(us): 2682879
TOTAL  - Takes(s): 1410.0, Count: 18653985, OPS: 13229.8, Avg(us): 2184, Min(us): 208, Max(us): 25657343, 50th(us): 845, 90th(us): 2631, 95th(us): 4655, 99th(us): 8351, 99.9th(us): 11335, 99.99th(us): 2682879
INSERT - Takes(s): 1420.0, Count: 18836224, OPS: 13264.9, Avg(us): 2178, Min(us): 208, Max(us): 25657343, 50th(us): 845, 90th(us): 2631, 95th(us): 4655, 99th(us): 8351, 99.9th(us): 11327, 99.99th(us): 2680831
TOTAL  - Takes(s): 1420.0, Count: 18836224, OPS: 13264.9, Avg(us): 2178, Min(us): 208, Max(us): 25657343, 50th(us): 845, 90th(us): 2631, 95th(us): 4655, 99th(us): 8351, 99.9th(us): 11327, 99.99th(us): 2680831
INSERT - Takes(s): 1430.0, Count: 19003596, OPS: 13289.2, Avg(us): 2173, Min(us): 208, Max(us): 25657343, 50th(us): 845, 90th(us): 2633, 95th(us): 4655, 99th(us): 8351, 99.9th(us): 11343, 99.99th(us): 2668543
TOTAL  - Takes(s): 1430.0, Count: 19003596, OPS: 13289.2, Avg(us): 2173, Min(us): 208, Max(us): 25657343, 50th(us): 845, 90th(us): 2633, 95th(us): 4655, 99th(us): 8351, 99.9th(us): 11343, 99.99th(us): 2668543
INSERT - Takes(s): 1440.0, Count: 19137264, OPS: 13289.7, Avg(us): 2173, Min(us): 208, Max(us): 25657343, 50th(us): 845, 90th(us): 2633, 95th(us): 4655, 99th(us): 8351, 99.9th(us): 11351, 99.99th(us): 2668543
TOTAL  - Takes(s): 1440.0, Count: 19137263, OPS: 13289.7, Avg(us): 2173, Min(us): 208, Max(us): 25657343, 50th(us): 845, 90th(us): 2633, 95th(us): 4655, 99th(us): 8351, 99.9th(us): 11351, 99.99th(us): 2668543
INSERT - Takes(s): 1450.0, Count: 19214775, OPS: 13251.5, Avg(us): 2180, Min(us): 208, Max(us): 25657343, 50th(us): 845, 90th(us): 2635, 95th(us): 4655, 99th(us): 8351, 99.9th(us): 11367, 99.99th(us): 2670591
TOTAL  - Takes(s): 1450.0, Count: 19214775, OPS: 13251.6, Avg(us): 2180, Min(us): 208, Max(us): 25657343, 50th(us): 845, 90th(us): 2635, 95th(us): 4655, 99th(us): 8351, 99.9th(us): 11367, 99.99th(us): 2670591
INSERT - Takes(s): 1460.0, Count: 19288330, OPS: 13211.1, Avg(us): 2187, Min(us): 208, Max(us): 25657343, 50th(us): 845, 90th(us): 2635, 95th(us): 4655, 99th(us): 8359, 99.9th(us): 11367, 99.99th(us): 2668543
TOTAL  - Takes(s): 1460.0, Count: 19288330, OPS: 13211.1, Avg(us): 2187, Min(us): 208, Max(us): 25657343, 50th(us): 845, 90th(us): 2635, 95th(us): 4655, 99th(us): 8359, 99.9th(us): 11367, 99.99th(us): 2668543
INSERT - Takes(s): 1470.0, Count: 19434339, OPS: 13220.6, Avg(us): 2186, Min(us): 208, Max(us): 25657343, 50th(us): 845, 90th(us): 2635, 95th(us): 4655, 99th(us): 8359, 99.9th(us): 11367, 99.99th(us): 2668543
TOTAL  - Takes(s): 1470.0, Count: 19434339, OPS: 13220.6, Avg(us): 2186, Min(us): 208, Max(us): 25657343, 50th(us): 845, 90th(us): 2635, 95th(us): 4655, 99th(us): 8359, 99.9th(us): 11367, 99.99th(us): 2668543
INSERT - Takes(s): 1480.0, Count: 19591521, OPS: 13237.4, Avg(us): 2183, Min(us): 208, Max(us): 25657343, 50th(us): 845, 90th(us): 2635, 95th(us): 4659, 99th(us): 8359, 99.9th(us): 11367, 99.99th(us): 2643967
TOTAL  - Takes(s): 1480.0, Count: 19591521, OPS: 13237.5, Avg(us): 2183, Min(us): 208, Max(us): 25657343, 50th(us): 845, 90th(us): 2635, 95th(us): 4659, 99th(us): 8359, 99.9th(us): 11367, 99.99th(us): 2643967
INSERT - Takes(s): 1490.0, Count: 19721262, OPS: 13235.7, Avg(us): 2183, Min(us): 208, Max(us): 25657343, 50th(us): 845, 90th(us): 2635, 95th(us): 4655, 99th(us): 8359, 99.9th(us): 11375, 99.99th(us): 2643967
TOTAL  - Takes(s): 1490.0, Count: 19721262, OPS: 13235.7, Avg(us): 2183, Min(us): 208, Max(us): 25657343, 50th(us): 845, 90th(us): 2635, 95th(us): 4655, 99th(us): 8359, 99.9th(us): 11375, 99.99th(us): 2643967
INSERT - Takes(s): 1500.0, Count: 19836270, OPS: 13224.1, Avg(us): 2185, Min(us): 208, Max(us): 25657343, 50th(us): 845, 90th(us): 2637, 95th(us): 4659, 99th(us): 8359, 99.9th(us): 11391, 99.99th(us): 2641919
TOTAL  - Takes(s): 1500.0, Count: 19836270, OPS: 13224.2, Avg(us): 2185, Min(us): 208, Max(us): 25657343, 50th(us): 845, 90th(us): 2637, 95th(us): 4659, 99th(us): 8359, 99.9th(us): 11391, 99.99th(us): 2641919
INSERT - Takes(s): 1510.0, Count: 20015795, OPS: 13255.4, Avg(us): 2179, Min(us): 208, Max(us): 25657343, 50th(us): 845, 90th(us): 2637, 95th(us): 4659, 99th(us): 8359, 99.9th(us): 11391, 99.99th(us): 2641919
TOTAL  - Takes(s): 1510.0, Count: 20015795, OPS: 13255.5, Avg(us): 2179, Min(us): 208, Max(us): 25657343, 50th(us): 845, 90th(us): 2637, 95th(us): 4659, 99th(us): 8359, 99.9th(us): 11391, 99.99th(us): 2641919
INSERT - Takes(s): 1520.0, Count: 20210545, OPS: 13296.4, Avg(us): 2172, Min(us): 208, Max(us): 25657343, 50th(us): 845, 90th(us): 2637, 95th(us): 4659, 99th(us): 8359, 99.9th(us): 11383, 99.99th(us): 2637823
TOTAL  - Takes(s): 1520.0, Count: 20210545, OPS: 13296.3, Avg(us): 2172, Min(us): 208, Max(us): 25657343, 50th(us): 845, 90th(us): 2637, 95th(us): 4659, 99th(us): 8359, 99.9th(us): 11383, 99.99th(us): 2637823
INSERT - Takes(s): 1530.0, Count: 20406427, OPS: 13337.5, Avg(us): 2165, Min(us): 208, Max(us): 25657343, 50th(us): 845, 90th(us): 2637, 95th(us): 4659, 99th(us): 8359, 99.9th(us): 11367, 99.99th(us): 2637823
TOTAL  - Takes(s): 1530.0, Count: 20406427, OPS: 13337.5, Avg(us): 2165, Min(us): 208, Max(us): 25657343, 50th(us): 845, 90th(us): 2637, 95th(us): 4659, 99th(us): 8359, 99.9th(us): 11367, 99.99th(us): 2637823
INSERT - Takes(s): 1540.0, Count: 20599147, OPS: 13376.0, Avg(us): 2158, Min(us): 208, Max(us): 25657343, 50th(us): 845, 90th(us): 2639, 95th(us): 4659, 99th(us): 8359, 99.9th(us): 11359, 99.99th(us): 2605055
TOTAL  - Takes(s): 1540.0, Count: 20599147, OPS: 13376.0, Avg(us): 2158, Min(us): 208, Max(us): 25657343, 50th(us): 845, 90th(us): 2639, 95th(us): 4659, 99th(us): 8359, 99.9th(us): 11359, 99.99th(us): 2605055
INSERT - Takes(s): 1550.0, Count: 20794626, OPS: 13415.8, Avg(us): 2151, Min(us): 208, Max(us): 25657343, 50th(us): 845, 90th(us): 2639, 95th(us): 4659, 99th(us): 8359, 99.9th(us): 11351, 99.99th(us): 2600959
TOTAL  - Takes(s): 1550.0, Count: 20794626, OPS: 13415.9, Avg(us): 2151, Min(us): 208, Max(us): 25657343, 50th(us): 845, 90th(us): 2639, 95th(us): 4659, 99th(us): 8359, 99.9th(us): 11351, 99.99th(us): 2600959
INSERT - Takes(s): 1560.0, Count: 20988658, OPS: 13454.2, Avg(us): 2144, Min(us): 208, Max(us): 25657343, 50th(us): 845, 90th(us): 2641, 95th(us): 4659, 99th(us): 8359, 99.9th(us): 11351, 99.99th(us): 2572287
TOTAL  - Takes(s): 1560.0, Count: 20988658, OPS: 13454.2, Avg(us): 2144, Min(us): 208, Max(us): 25657343, 50th(us): 845, 90th(us): 2641, 95th(us): 4659, 99th(us): 8359, 99.9th(us): 11351, 99.99th(us): 2572287
INSERT - Takes(s): 1570.0, Count: 21177255, OPS: 13488.6, Avg(us): 2138, Min(us): 208, Max(us): 25657343, 50th(us): 845, 90th(us): 2641, 95th(us): 4659, 99th(us): 8367, 99.9th(us): 11359, 99.99th(us): 2568191
TOTAL  - Takes(s): 1570.0, Count: 21177255, OPS: 13488.7, Avg(us): 2138, Min(us): 208, Max(us): 25657343, 50th(us): 845, 90th(us): 2641, 95th(us): 4659, 99th(us): 8367, 99.9th(us): 11359, 99.99th(us): 2568191
INSERT - Takes(s): 1580.0, Count: 21220967, OPS: 13430.9, Avg(us): 2148, Min(us): 208, Max(us): 25657343, 50th(us): 845, 90th(us): 2643, 95th(us): 4659, 99th(us): 8367, 99.9th(us): 11359, 99.99th(us): 2572287
TOTAL  - Takes(s): 1580.0, Count: 21220967, OPS: 13430.9, Avg(us): 2148, Min(us): 208, Max(us): 25657343, 50th(us): 845, 90th(us): 2643, 95th(us): 4659, 99th(us): 8367, 99.9th(us): 11359, 99.99th(us): 2572287
INSERT - Takes(s): 1590.0, Count: 21334306, OPS: 13417.7, Avg(us): 2148, Min(us): 208, Max(us): 25657343, 50th(us): 845, 90th(us): 2643, 95th(us): 4663, 99th(us): 8367, 99.9th(us): 11367, 99.99th(us): 2572287
TOTAL  - Takes(s): 1590.0, Count: 21334306, OPS: 13417.8, Avg(us): 2148, Min(us): 208, Max(us): 25657343, 50th(us): 845, 90th(us): 2643, 95th(us): 4663, 99th(us): 8367, 99.9th(us): 11367, 99.99th(us): 2572287
INSERT - Takes(s): 1600.0, Count: 21428102, OPS: 13392.5, Avg(us): 2155, Min(us): 208, Max(us): 25657343, 50th(us): 845, 90th(us): 2643, 95th(us): 4663, 99th(us): 8367, 99.9th(us): 11367, 99.99th(us): 2600959
TOTAL  - Takes(s): 1600.0, Count: 21428102, OPS: 13392.5, Avg(us): 2155, Min(us): 208, Max(us): 25657343, 50th(us): 845, 90th(us): 2643, 95th(us): 4663, 99th(us): 8367, 99.9th(us): 11367, 99.99th(us): 2600959
INSERT - Takes(s): 1610.0, Count: 21578257, OPS: 13402.6, Avg(us): 2153, Min(us): 208, Max(us): 25657343, 50th(us): 845, 90th(us): 2645, 95th(us): 4663, 99th(us): 8367, 99.9th(us): 11367, 99.99th(us): 2572287
TOTAL  - Takes(s): 1610.0, Count: 21578257, OPS: 13402.6, Avg(us): 2153, Min(us): 208, Max(us): 25657343, 50th(us): 845, 90th(us): 2645, 95th(us): 4663, 99th(us): 8367, 99.9th(us): 11367, 99.99th(us): 2572287
INSERT - Takes(s): 1620.0, Count: 21651897, OPS: 13365.3, Avg(us): 2156, Min(us): 208, Max(us): 25657343, 50th(us): 845, 90th(us): 2645, 95th(us): 4663, 99th(us): 8367, 99.9th(us): 11375, 99.99th(us): 2572287
TOTAL  - Takes(s): 1620.0, Count: 21651897, OPS: 13365.3, Avg(us): 2156, Min(us): 208, Max(us): 25657343, 50th(us): 845, 90th(us): 2645, 95th(us): 4663, 99th(us): 8367, 99.9th(us): 11375, 99.99th(us): 2572287
INSERT - Takes(s): 1630.0, Count: 21661648, OPS: 13289.3, Avg(us): 2165, Min(us): 208, Max(us): 25657343, 50th(us): 845, 90th(us): 2645, 95th(us): 4663, 99th(us): 8367, 99.9th(us): 11383, 99.99th(us): 2605055
TOTAL  - Takes(s): 1630.0, Count: 21661648, OPS: 13289.3, Avg(us): 2165, Min(us): 208, Max(us): 25657343, 50th(us): 845, 90th(us): 2645, 95th(us): 4663, 99th(us): 8367, 99.9th(us): 11383, 99.99th(us): 2605055
INSERT - Takes(s): 1640.0, Count: 21661648, OPS: 13208.3, Avg(us): 2165, Min(us): 208, Max(us): 25657343, 50th(us): 845, 90th(us): 2645, 95th(us): 4663, 99th(us): 8367, 99.9th(us): 11383, 99.99th(us): 2605055
TOTAL  - Takes(s): 1640.0, Count: 21661648, OPS: 13208.3, Avg(us): 2165, Min(us): 208, Max(us): 25657343, 50th(us): 845, 90th(us): 2645, 95th(us): 4663, 99th(us): 8367, 99.9th(us): 11383, 99.99th(us): 2605055
INSERT - Takes(s): 1650.0, Count: 21661648, OPS: 13128.2, Avg(us): 2165, Min(us): 208, Max(us): 25657343, 50th(us): 845, 90th(us): 2645, 95th(us): 4663, 99th(us): 8367, 99.9th(us): 11383, 99.99th(us): 2605055
TOTAL  - Takes(s): 1650.0, Count: 21661648, OPS: 13128.3, Avg(us): 2165, Min(us): 208, Max(us): 25657343, 50th(us): 845, 90th(us): 2645, 95th(us): 4663, 99th(us): 8367, 99.9th(us): 11383, 99.99th(us): 2605055
INSERT - Takes(s): 1660.0, Count: 21661648, OPS: 13049.1, Avg(us): 2165, Min(us): 208, Max(us): 25657343, 50th(us): 845, 90th(us): 2645, 95th(us): 4663, 99th(us): 8367, 99.9th(us): 11383, 99.99th(us): 2605055
TOTAL  - Takes(s): 1660.0, Count: 21661648, OPS: 13049.2, Avg(us): 2165, Min(us): 208, Max(us): 25657343, 50th(us): 845, 90th(us): 2645, 95th(us): 4663, 99th(us): 8367, 99.9th(us): 11383, 99.99th(us): 2605055
INSERT - Takes(s): 1670.0, Count: 21671393, OPS: 12976.8, Avg(us): 2222, Min(us): 208, Max(us): 38764543, 50th(us): 845, 90th(us): 2645, 95th(us): 4663, 99th(us): 8367, 99.9th(us): 11391, 99.99th(us): 2637823
TOTAL  - Takes(s): 1670.0, Count: 21671393, OPS: 12976.9, Avg(us): 2222, Min(us): 208, Max(us): 38764543, 50th(us): 845, 90th(us): 2645, 95th(us): 4663, 99th(us): 8367, 99.9th(us): 11391, 99.99th(us): 2637823
INSERT - Takes(s): 1680.0, Count: 21722069, OPS: 12929.7, Avg(us): 2232, Min(us): 208, Max(us): 38764543, 50th(us): 845, 90th(us): 2647, 95th(us): 4663, 99th(us): 8367, 99.9th(us): 11391, 99.99th(us): 2641919
TOTAL  - Takes(s): 1680.0, Count: 21722069, OPS: 12929.8, Avg(us): 2232, Min(us): 208, Max(us): 38764543, 50th(us): 845, 90th(us): 2647, 95th(us): 4663, 99th(us): 8367, 99.9th(us): 11391, 99.99th(us): 2641919
INSERT - Takes(s): 1690.0, Count: 21739610, OPS: 12863.6, Avg(us): 2250, Min(us): 208, Max(us): 38764543, 50th(us): 846, 90th(us): 2647, 95th(us): 4663, 99th(us): 8367, 99.9th(us): 11399, 99.99th(us): 2668543
TOTAL  - Takes(s): 1690.0, Count: 21739610, OPS: 12863.7, Avg(us): 2250, Min(us): 208, Max(us): 38764543, 50th(us): 846, 90th(us): 2647, 95th(us): 4663, 99th(us): 8367, 99.9th(us): 11399, 99.99th(us): 2668543
INSERT - Takes(s): 1700.0, Count: 21833909, OPS: 12843.5, Avg(us): 2257, Min(us): 208, Max(us): 38764543, 50th(us): 846, 90th(us): 2647, 95th(us): 4663, 99th(us): 8367, 99.9th(us): 11407, 99.99th(us): 2682879
TOTAL  - Takes(s): 1700.0, Count: 21833909, OPS: 12843.5, Avg(us): 2257, Min(us): 208, Max(us): 38764543, 50th(us): 846, 90th(us): 2647, 95th(us): 4663, 99th(us): 8367, 99.9th(us): 11407, 99.99th(us): 2682879
INSERT - Takes(s): 1710.0, Count: 21961693, OPS: 12843.0, Avg(us): 2257, Min(us): 208, Max(us): 38764543, 50th(us): 846, 90th(us): 2647, 95th(us): 4663, 99th(us): 8367, 99.9th(us): 11415, 99.99th(us): 2682879
TOTAL  - Takes(s): 1710.0, Count: 21961693, OPS: 12843.1, Avg(us): 2257, Min(us): 208, Max(us): 38764543, 50th(us): 846, 90th(us): 2647, 95th(us): 4663, 99th(us): 8367, 99.9th(us): 11415, 99.99th(us): 2682879
INSERT - Takes(s): 1720.0, Count: 22051302, OPS: 12820.5, Avg(us): 2260, Min(us): 208, Max(us): 38764543, 50th(us): 846, 90th(us): 2647, 95th(us): 4663, 99th(us): 8367, 99.9th(us): 11407, 99.99th(us): 2758655
TOTAL  - Takes(s): 1720.0, Count: 22051302, OPS: 12820.5, Avg(us): 2260, Min(us): 208, Max(us): 38764543, 50th(us): 846, 90th(us): 2647, 95th(us): 4663, 99th(us): 8367, 99.9th(us): 11407, 99.99th(us): 2758655
INSERT - Takes(s): 1730.0, Count: 22181819, OPS: 12821.8, Avg(us): 2258, Min(us): 208, Max(us): 38764543, 50th(us): 846, 90th(us): 2647, 95th(us): 4663, 99th(us): 8375, 99.9th(us): 11407, 99.99th(us): 2682879
TOTAL  - Takes(s): 1730.0, Count: 22181819, OPS: 12821.9, Avg(us): 2258, Min(us): 208, Max(us): 38764543, 50th(us): 846, 90th(us): 2647, 95th(us): 4663, 99th(us): 8375, 99.9th(us): 11407, 99.99th(us): 2682879
INSERT - Takes(s): 1740.0, Count: 22287012, OPS: 12808.6, Avg(us): 2259, Min(us): 208, Max(us): 38764543, 50th(us): 846, 90th(us): 2647, 95th(us): 4663, 99th(us): 8375, 99.9th(us): 11407, 99.99th(us): 2758655
TOTAL  - Takes(s): 1740.0, Count: 22287012, OPS: 12808.6, Avg(us): 2259, Min(us): 208, Max(us): 38764543, 50th(us): 846, 90th(us): 2647, 95th(us): 4663, 99th(us): 8375, 99.9th(us): 11407, 99.99th(us): 2758655
INSERT - Takes(s): 1750.0, Count: 22367587, OPS: 12781.4, Avg(us): 2270, Min(us): 208, Max(us): 38764543, 50th(us): 846, 90th(us): 2647, 95th(us): 4663, 99th(us): 8375, 99.9th(us): 11415, 99.99th(us): 2764799
TOTAL  - Takes(s): 1750.0, Count: 22367587, OPS: 12781.4, Avg(us): 2270, Min(us): 208, Max(us): 38764543, 50th(us): 846, 90th(us): 2647, 95th(us): 4663, 99th(us): 8375, 99.9th(us): 11415, 99.99th(us): 2764799
INSERT - Takes(s): 1760.0, Count: 22474723, OPS: 12769.7, Avg(us): 2272, Min(us): 208, Max(us): 38764543, 50th(us): 846, 90th(us): 2649, 95th(us): 4663, 99th(us): 8375, 99.9th(us): 11415, 99.99th(us): 2764799
TOTAL  - Takes(s): 1760.0, Count: 22474723, OPS: 12769.7, Avg(us): 2272, Min(us): 208, Max(us): 38764543, 50th(us): 846, 90th(us): 2649, 95th(us): 4663, 99th(us): 8375, 99.9th(us): 11415, 99.99th(us): 2764799
INSERT - Takes(s): 1770.0, Count: 22670754, OPS: 12808.3, Avg(us): 2264, Min(us): 208, Max(us): 38764543, 50th(us): 846, 90th(us): 2649, 95th(us): 4663, 99th(us): 8375, 99.9th(us): 11407, 99.99th(us): 2764799
TOTAL  - Takes(s): 1770.0, Count: 22670754, OPS: 12808.3, Avg(us): 2264, Min(us): 208, Max(us): 38764543, 50th(us): 846, 90th(us): 2649, 95th(us): 4663, 99th(us): 8375, 99.9th(us): 11407, 99.99th(us): 2764799
INSERT - Takes(s): 1780.0, Count: 22865293, OPS: 12845.6, Avg(us): 2257, Min(us): 208, Max(us): 38764543, 50th(us): 846, 90th(us): 2649, 95th(us): 4663, 99th(us): 8375, 99.9th(us): 11399, 99.99th(us): 2758655
TOTAL  - Takes(s): 1780.0, Count: 22865293, OPS: 12845.7, Avg(us): 2257, Min(us): 208, Max(us): 38764543, 50th(us): 846, 90th(us): 2649, 95th(us): 4663, 99th(us): 8375, 99.9th(us): 11399, 99.99th(us): 2758655
INSERT - Takes(s): 1790.0, Count: 22977060, OPS: 12836.3, Avg(us): 2259, Min(us): 208, Max(us): 38764543, 50th(us): 846, 90th(us): 2649, 95th(us): 4663, 99th(us): 8375, 99.9th(us): 11399, 99.99th(us): 2758655
TOTAL  - Takes(s): 1790.0, Count: 22977060, OPS: 12836.3, Avg(us): 2259, Min(us): 208, Max(us): 38764543, 50th(us): 846, 90th(us): 2649, 95th(us): 4663, 99th(us): 8375, 99.9th(us): 11399, 99.99th(us): 2758655
INSERT - Takes(s): 1800.0, Count: 23136419, OPS: 12853.5, Avg(us): 2256, Min(us): 208, Max(us): 38764543, 50th(us): 846, 90th(us): 2649, 95th(us): 4663, 99th(us): 8375, 99.9th(us): 11399, 99.99th(us): 2682879
TOTAL  - Takes(s): 1800.0, Count: 23136419, OPS: 12853.5, Avg(us): 2256, Min(us): 208, Max(us): 38764543, 50th(us): 846, 90th(us): 2649, 95th(us): 4663, 99th(us): 8375, 99.9th(us): 11399, 99.99th(us): 2682879
INSERT - Takes(s): 1810.0, Count: 23247395, OPS: 12843.8, Avg(us): 2258, Min(us): 208, Max(us): 38764543, 50th(us): 846, 90th(us): 2649, 95th(us): 4663, 99th(us): 8375, 99.9th(us): 11407, 99.99th(us): 2758655
TOTAL  - Takes(s): 1810.0, Count: 23247395, OPS: 12843.9, Avg(us): 2258, Min(us): 208, Max(us): 38764543, 50th(us): 846, 90th(us): 2649, 95th(us): 4663, 99th(us): 8375, 99.9th(us): 11407, 99.99th(us): 2758655
INSERT - Takes(s): 1820.0, Count: 23444771, OPS: 12881.7, Avg(us): 2250, Min(us): 208, Max(us): 38764543, 50th(us): 846, 90th(us): 2649, 95th(us): 4663, 99th(us): 8375, 99.9th(us): 11391, 99.99th(us): 2682879
TOTAL  - Takes(s): 1820.0, Count: 23444771, OPS: 12881.7, Avg(us): 2250, Min(us): 208, Max(us): 38764543, 50th(us): 846, 90th(us): 2649, 95th(us): 4663, 99th(us): 8375, 99.9th(us): 11391, 99.99th(us): 2682879
INSERT - Takes(s): 1830.0, Count: 23601942, OPS: 12897.2, Avg(us): 2245, Min(us): 208, Max(us): 38764543, 50th(us): 846, 90th(us): 2649, 95th(us): 4663, 99th(us): 8375, 99.9th(us): 11391, 99.99th(us): 2682879
TOTAL  - Takes(s): 1830.0, Count: 23601942, OPS: 12897.2, Avg(us): 2245, Min(us): 208, Max(us): 38764543, 50th(us): 846, 90th(us): 2649, 95th(us): 4663, 99th(us): 8375, 99.9th(us): 11391, 99.99th(us): 2682879
INSERT - Takes(s): 1840.0, Count: 23648722, OPS: 12852.5, Avg(us): 2256, Min(us): 208, Max(us): 38764543, 50th(us): 846, 90th(us): 2649, 95th(us): 4663, 99th(us): 8375, 99.9th(us): 11399, 99.99th(us): 2764799
TOTAL  - Takes(s): 1840.0, Count: 23648722, OPS: 12852.5, Avg(us): 2256, Min(us): 208, Max(us): 38764543, 50th(us): 846, 90th(us): 2649, 95th(us): 4663, 99th(us): 8375, 99.9th(us): 11399, 99.99th(us): 2764799
INSERT - Takes(s): 1850.0, Count: 23732524, OPS: 12828.3, Avg(us): 2259, Min(us): 208, Max(us): 38764543, 50th(us): 846, 90th(us): 2651, 95th(us): 4663, 99th(us): 8375, 99.9th(us): 11399, 99.99th(us): 2764799
TOTAL  - Takes(s): 1850.0, Count: 23732524, OPS: 12828.4, Avg(us): 2259, Min(us): 208, Max(us): 38764543, 50th(us): 846, 90th(us): 2651, 95th(us): 4663, 99th(us): 8375, 99.9th(us): 11399, 99.99th(us): 2764799
INSERT - Takes(s): 1860.0, Count: 23800705, OPS: 12796.0, Avg(us): 2267, Min(us): 208, Max(us): 38764543, 50th(us): 846, 90th(us): 2651, 95th(us): 4663, 99th(us): 8375, 99.9th(us): 11407, 99.99th(us): 2779135
TOTAL  - Takes(s): 1860.0, Count: 23800705, OPS: 12796.0, Avg(us): 2267, Min(us): 208, Max(us): 38764543, 50th(us): 846, 90th(us): 2651, 95th(us): 4663, 99th(us): 8375, 99.9th(us): 11407, 99.99th(us): 2779135
INSERT - Takes(s): 1870.0, Count: 23954601, OPS: 12809.9, Avg(us): 2264, Min(us): 208, Max(us): 38764543, 50th(us): 846, 90th(us): 2651, 95th(us): 4663, 99th(us): 8375, 99.9th(us): 11399, 99.99th(us): 2779135
TOTAL  - Takes(s): 1870.0, Count: 23954601, OPS: 12809.9, Avg(us): 2264, Min(us): 208, Max(us): 38764543, 50th(us): 846, 90th(us): 2651, 95th(us): 4663, 99th(us): 8375, 99.9th(us): 11399, 99.99th(us): 2779135
INSERT - Takes(s): 1880.0, Count: 24040334, OPS: 12787.4, Avg(us): 2268, Min(us): 208, Max(us): 38764543, 50th(us): 846, 90th(us): 2651, 95th(us): 4663, 99th(us): 8375, 99.9th(us): 11399, 99.99th(us): 2779135
TOTAL  - Takes(s): 1880.0, Count: 24040334, OPS: 12787.4, Avg(us): 2268, Min(us): 208, Max(us): 38764543, 50th(us): 846, 90th(us): 2651, 95th(us): 4663, 99th(us): 8375, 99.9th(us): 11399, 99.99th(us): 2779135
INSERT - Takes(s): 1890.0, Count: 24174381, OPS: 12790.6, Avg(us): 2268, Min(us): 208, Max(us): 38764543, 50th(us): 846, 90th(us): 2651, 95th(us): 4667, 99th(us): 8375, 99.9th(us): 11399, 99.99th(us): 2779135
TOTAL  - Takes(s): 1890.0, Count: 24174381, OPS: 12790.7, Avg(us): 2268, Min(us): 208, Max(us): 38764543, 50th(us): 846, 90th(us): 2651, 95th(us): 4667, 99th(us): 8375, 99.9th(us): 11399, 99.99th(us): 2779135
INSERT - Takes(s): 1900.0, Count: 24343601, OPS: 12812.4, Avg(us): 2264, Min(us): 208, Max(us): 38764543, 50th(us): 846, 90th(us): 2651, 95th(us): 4667, 99th(us): 8375, 99.9th(us): 11407, 99.99th(us): 2775039
TOTAL  - Takes(s): 1900.0, Count: 24343601, OPS: 12812.4, Avg(us): 2264, Min(us): 208, Max(us): 38764543, 50th(us): 846, 90th(us): 2651, 95th(us): 4667, 99th(us): 8375, 99.9th(us): 11407, 99.99th(us): 2775039
INSERT - Takes(s): 1910.0, Count: 24441373, OPS: 12796.5, Avg(us): 2267, Min(us): 208, Max(us): 38764543, 50th(us): 846, 90th(us): 2651, 95th(us): 4667, 99th(us): 8375, 99.9th(us): 11415, 99.99th(us): 2779135
TOTAL  - Takes(s): 1910.0, Count: 24441372, OPS: 12796.5, Avg(us): 2267, Min(us): 208, Max(us): 38764543, 50th(us): 846, 90th(us): 2651, 95th(us): 4667, 99th(us): 8375, 99.9th(us): 11415, 99.99th(us): 2779135
INSERT - Takes(s): 1920.0, Count: 24517645, OPS: 12769.5, Avg(us): 2264, Min(us): 208, Max(us): 38764543, 50th(us): 846, 90th(us): 2651, 95th(us): 4667, 99th(us): 8375, 99.9th(us): 11415, 99.99th(us): 2779135
TOTAL  - Takes(s): 1920.0, Count: 24517645, OPS: 12769.6, Avg(us): 2264, Min(us): 208, Max(us): 38764543, 50th(us): 846, 90th(us): 2651, 95th(us): 4667, 99th(us): 8375, 99.9th(us): 11415, 99.99th(us): 2779135
INSERT - Takes(s): 1930.0, Count: 24563580, OPS: 12727.2, Avg(us): 2281, Min(us): 208, Max(us): 38764543, 50th(us): 846, 90th(us): 2651, 95th(us): 4667, 99th(us): 8375, 99.9th(us): 11415, 99.99th(us): 2801663
TOTAL  - Takes(s): 1930.0, Count: 24563580, OPS: 12727.2, Avg(us): 2281, Min(us): 208, Max(us): 38764543, 50th(us): 846, 90th(us): 2651, 95th(us): 4667, 99th(us): 8375, 99.9th(us): 11415, 99.99th(us): 2801663
INSERT - Takes(s): 1940.0, Count: 24628682, OPS: 12695.1, Avg(us): 2278, Min(us): 208, Max(us): 38764543, 50th(us): 846, 90th(us): 2651, 95th(us): 4667, 99th(us): 8375, 99.9th(us): 11415, 99.99th(us): 2801663
TOTAL  - Takes(s): 1940.0, Count: 24628682, OPS: 12695.2, Avg(us): 2278, Min(us): 208, Max(us): 38764543, 50th(us): 846, 90th(us): 2651, 95th(us): 4667, 99th(us): 8375, 99.9th(us): 11415, 99.99th(us): 2801663
INSERT - Takes(s): 1950.0, Count: 24656780, OPS: 12644.5, Avg(us): 2297, Min(us): 208, Max(us): 38764543, 50th(us): 846, 90th(us): 2653, 95th(us): 4667, 99th(us): 8375, 99.9th(us): 11415, 99.99th(us): 2801663
TOTAL  - Takes(s): 1950.0, Count: 24656779, OPS: 12644.5, Avg(us): 2297, Min(us): 208, Max(us): 38764543, 50th(us): 846, 90th(us): 2653, 95th(us): 4667, 99th(us): 8375, 99.9th(us): 11415, 99.99th(us): 2801663
INSERT - Takes(s): 1960.0, Count: 24783122, OPS: 12644.4, Avg(us): 2297, Min(us): 208, Max(us): 38764543, 50th(us): 846, 90th(us): 2653, 95th(us): 4667, 99th(us): 8375, 99.9th(us): 11415, 99.99th(us): 2803711
TOTAL  - Takes(s): 1960.0, Count: 24783122, OPS: 12644.4, Avg(us): 2297, Min(us): 208, Max(us): 38764543, 50th(us): 846, 90th(us): 2653, 95th(us): 4667, 99th(us): 8375, 99.9th(us): 11415, 99.99th(us): 2803711
INSERT - Takes(s): 1970.0, Count: 24848810, OPS: 12613.6, Avg(us): 2300, Min(us): 208, Max(us): 38764543, 50th(us): 846, 90th(us): 2653, 95th(us): 4667, 99th(us): 8375, 99.9th(us): 11423, 99.99th(us): 2815999
TOTAL  - Takes(s): 1970.0, Count: 24848810, OPS: 12613.6, Avg(us): 2300, Min(us): 208, Max(us): 38764543, 50th(us): 846, 90th(us): 2653, 95th(us): 4667, 99th(us): 8375, 99.9th(us): 11423, 99.99th(us): 2815999
INSERT - Takes(s): 1980.0, Count: 24918128, OPS: 12584.9, Avg(us): 2309, Min(us): 208, Max(us): 38764543, 50th(us): 846, 90th(us): 2653, 95th(us): 4667, 99th(us): 8375, 99.9th(us): 11431, 99.99th(us): 2844671
TOTAL  - Takes(s): 1980.0, Count: 24918128, OPS: 12584.9, Avg(us): 2309, Min(us): 208, Max(us): 38764543, 50th(us): 846, 90th(us): 2653, 95th(us): 4667, 99th(us): 8375, 99.9th(us): 11431, 99.99th(us): 2844671
**********************************************
Run finished, takes 33m5.543021305s
INSERT - Takes(s): 1985.5, Count: 25000000, OPS: 12591.0, Avg(us): 2306, Min(us): 195, Max(us): 38764543, 50th(us): 846, 90th(us): 2653, 95th(us): 4667, 99th(us): 8375, 99.9th(us): 11431, 99.99th(us): 2844671
TOTAL  - Takes(s): 1985.5, Count: 25000000, OPS: 12591.0, Avg(us): 2306, Min(us): 195, Max(us): 38764543, 50th(us): 846, 90th(us): 2653, 95th(us): 4667, 99th(us): 8375, 99.9th(us): 11431, 99.99th(us): 2844671
